Component: ARM Compiler 5.06 update 6 (build 750) Tool: armlink [4d35ed]

==============================================================================

Section Cross References

    startup_stm32g431xx.o(RESET) refers to startup_stm32g431xx.o(STACK) for __initial_sp
    startup_stm32g431xx.o(RESET) refers to startup_stm32g431xx.o(.text) for Reset_Handler
    startup_stm32g431xx.o(RESET) refers to stm32g4xx_it.o(i.NMI_Handler) for NMI_Handler
    startup_stm32g431xx.o(RESET) refers to stm32g4xx_it.o(i.HardFault_Handler) for HardFault_Handler
    startup_stm32g431xx.o(RESET) refers to stm32g4xx_it.o(i.MemManage_Handler) for MemManage_Handler
    startup_stm32g431xx.o(RESET) refers to stm32g4xx_it.o(i.BusFault_Handler) for BusFault_Handler
    startup_stm32g431xx.o(RESET) refers to stm32g4xx_it.o(i.UsageFault_Handler) for UsageFault_Handler
    startup_stm32g431xx.o(RESET) refers to port.o(.emb_text) for SVC_Handler
    startup_stm32g431xx.o(RESET) refers to stm32g4xx_it.o(i.DebugMon_Handler) for DebugMon_Handler
    startup_stm32g431xx.o(RESET) refers to port.o(i.SysTick_Handler) for SysTick_Handler
    startup_stm32g431xx.o(RESET) refers to stm32g4xx_it.o(i.DMA1_Channel1_IRQHandler) for DMA1_Channel1_IRQHandler
    startup_stm32g431xx.o(RESET) refers to stm32g4xx_it.o(i.DMA1_Channel2_IRQHandler) for DMA1_Channel2_IRQHandler
    startup_stm32g431xx.o(RESET) refers to stm32g4xx_it.o(i.DMA1_Channel3_IRQHandler) for DMA1_Channel3_IRQHandler
    startup_stm32g431xx.o(RESET) refers to stm32g4xx_it.o(i.DMA1_Channel5_IRQHandler) for DMA1_Channel5_IRQHandler
    startup_stm32g431xx.o(RESET) refers to stm32g4xx_it.o(i.TIM1_UP_TIM16_IRQHandler) for TIM1_UP_TIM16_IRQHandler
    startup_stm32g431xx.o(RESET) refers to stm32g4xx_it.o(i.USART1_IRQHandler) for USART1_IRQHandler
    startup_stm32g431xx.o(RESET) refers to stm32g4xx_it.o(i.USART3_IRQHandler) for USART3_IRQHandler
    startup_stm32g431xx.o(RESET) refers to stm32g4xx_it.o(i.UART4_IRQHandler) for UART4_IRQHandler
    startup_stm32g431xx.o(RESET) refers to stm32g4xx_it.o(i.TIM6_DAC_IRQHandler) for TIM6_DAC_IRQHandler
    startup_stm32g431xx.o(RESET) refers to stm32g4xx_it.o(i.LPUART1_IRQHandler) for LPUART1_IRQHandler
    startup_stm32g431xx.o(.text) refers to system_stm32g4xx.o(i.SystemInit) for SystemInit
    startup_stm32g431xx.o(.text) refers to entry.o(.ARM.Collect$$$$00000000) for __main
    minmea.o(i.minmea_check) refers to strlen.o(.text) for strlen
    minmea.o(i.minmea_check) refers to ctype_o.o(.text) for __rt_ctype_table
    minmea.o(i.minmea_check) refers to minmea.o(i.hex2int) for hex2int
    minmea.o(i.minmea_check) refers to strcmp.o(.text) for strcmp
    minmea.o(i.minmea_isfield) refers to ctype_o.o(.text) for __rt_ctype_table
    minmea.o(i.minmea_parse_gga) refers to minmea.o(i.minmea_scan) for minmea_scan
    minmea.o(i.minmea_parse_gga) refers to strcmp.o(.text) for strcmp
    minmea.o(i.minmea_parse_gll) refers to minmea.o(i.minmea_scan) for minmea_scan
    minmea.o(i.minmea_parse_gll) refers to strcmp.o(.text) for strcmp
    minmea.o(i.minmea_parse_gsa) refers to minmea.o(i.minmea_scan) for minmea_scan
    minmea.o(i.minmea_parse_gsa) refers to strcmp.o(.text) for strcmp
    minmea.o(i.minmea_parse_gst) refers to minmea.o(i.minmea_scan) for minmea_scan
    minmea.o(i.minmea_parse_gst) refers to strcmp.o(.text) for strcmp
    minmea.o(i.minmea_parse_gsv) refers to minmea.o(i.minmea_scan) for minmea_scan
    minmea.o(i.minmea_parse_gsv) refers to strcmp.o(.text) for strcmp
    minmea.o(i.minmea_parse_rmc) refers to minmea.o(i.minmea_scan) for minmea_scan
    minmea.o(i.minmea_parse_rmc) refers to strcmp.o(.text) for strcmp
    minmea.o(i.minmea_parse_vtg) refers to minmea.o(i.minmea_scan) for minmea_scan
    minmea.o(i.minmea_parse_vtg) refers to strcmp.o(.text) for strcmp
    minmea.o(i.minmea_parse_zda) refers to minmea.o(i.minmea_scan) for minmea_scan
    minmea.o(i.minmea_parse_zda) refers to strcmp.o(.text) for strcmp
    minmea.o(i.minmea_scan) refers to minmea.o(i.minmea_isfield) for minmea_isfield
    minmea.o(i.minmea_scan) refers to ctype_o.o(.text) for __rt_ctype_table
    minmea.o(i.minmea_scan) refers to strtol.o(.text) for strtol
    minmea.o(i.minmea_sentence_id) refers to minmea.o(i.minmea_check) for minmea_check
    minmea.o(i.minmea_sentence_id) refers to minmea.o(i.minmea_scan) for minmea_scan
    minmea.o(i.minmea_sentence_id) refers to strcmp.o(.text) for strcmp
    minmea.o(i.minmea_talker_id) refers to minmea.o(i.minmea_scan) for minmea_scan
    at_statemachine.o(i.find_state_from_command) refers to at_statemachine.o(.data) for .data
    at_statemachine.o(i.get_current_state_index) refers to at_statemachine.o(.bss) for .bss
    at_statemachine.o(i.init_at_module) refers to at_statemachine.o(i.init_at_statemachine) for init_at_statemachine
    at_statemachine.o(i.init_at_module) refers to at_statemachine.o(.constdata) for .constdata
[...]
    DMA2_Channel4_IRQHandler                 0x080002c7   Thumb Code     0  startup_stm32g431xx.o(.text)
    DMA2_Channel5_IRQHandler                 0x080002c7   Thumb Code     0  startup_stm32g431xx.o(.text)
    DMA2_Channel6_IRQHandler                 0x080002c7   Thumb Code     0  startup_stm32g431xx.o(.text)
    DMAMUX_OVR_IRQHandler                    0x080002c7   Thumb Code     0  startup_stm32g431xx.o(.text)
    EXTI0_IRQHandler                         0x080002c7   Thumb Code     0  startup_stm32g431xx.o(.text)
    EXTI15_10_IRQHandler                     0x080002c7   Thumb Code     0  startup_stm32g431xx.o(.text)
    EXTI1_IRQHandler                         0x080002c7   Thumb Code     0  startup_stm32g431xx.o(.text)
    EXTI2_IRQHandler                         0x080002c7   Thumb Code     0  startup_stm32g431xx.o(.text)
    EXTI3_IRQHandler                         0x080002c7   Thumb Code     0  startup_stm32g431xx.o(.text)
    EXTI4_IRQHandler                         0x080002c7   Thumb Code     0  startup_stm32g431xx.o(.text)
    EXTI9_5_IRQHandler                       0x080002c7   Thumb Code     0  startup_stm32g431xx.o(.text)
    FDCAN1_IT0_IRQHandler                    0x080002c7   Thumb Code     0  startup_stm32g431xx.o(.text)
    FDCAN1_IT1_IRQHandler                    0x080002c7   Thumb Code     0  startup_stm32g431xx.o(.text)
    FLASH_IRQHandler                         0x080002c7   Thumb Code     0  startup_stm32g431xx.o(.text)
    FMAC_IRQHandler                          0x080002c7   Thumb Code     0  startup_stm32g431xx.o(.text)
    FPU_IRQHandler                           0x080002c7   Thumb Code     0  startup_stm32g431xx.o(.text)
    I2C1_ER_IRQHandler                       0x080002c7   Thumb Code     0  startup_stm32g431xx.o(.text)
    I2C1_EV_IRQHandler                       0x080002c7   Thumb Code     0  startup_stm32g431xx.o(.text)
    I2C2_ER_IRQHandler                       0x080002c7   Thumb Code     0  startup_stm32g431xx.o(.text)
    I2C2_EV_IRQHandler                       0x080002c7   Thumb Code     0  startup_stm32g431xx.o(.text)
    I2C3_ER_IRQHandler                       0x080002c7   Thumb Code     0  startup_stm32g431xx.o(.text)
    I2C3_EV_IRQHandler                       0x080002c7   Thumb Code     0  startup_stm32g431xx.o(.text)
    LPTIM1_IRQHandler                        0x080002c7   Thumb Code     0  startup_stm32g431xx.o(.text)
    PVD_PVM_IRQHandler                       0x080002c7   Thumb Code     0  startup_stm32g431xx.o(.text)
    RCC_IRQHandler                           0x080002c7   Thumb Code     0  startup_stm32g431xx.o(.text)
    RNG_IRQHandler                           0x080002c7   Thumb Code     0  startup_stm32g431xx.o(.text)
    RTC_Alarm_IRQHandler                     0x080002c7   Thumb Code     0  startup_stm32g431xx.o(.text)
    RTC_TAMP_LSECSS_IRQHandler               0x080002c7   Thumb Code     0  startup_stm32g431xx.o(.text)
    RTC_WKUP_IRQHandler                      0x080002c7   Thumb Code     0  startup_stm32g431xx.o(.text)
    SAI1_IRQHandler                          0x080002c7   Thumb Code     0  startup_stm32g431xx.o(.text)
    SPI1_IRQHandler                          0x080002c7   Thumb Code     0  startup_stm32g431xx.o(.text)
    SPI2_IRQHandler                          0x080002c7   Thumb Code     0  startup_stm32g431xx.o(.text)
    SPI3_IRQHandler                          0x080002c7   Thumb Code     0  startup_stm32g431xx.o(.text)
    TIM1_BRK_TIM15_IRQHandler                0x080002c7   Thumb Code     0  startup_stm32g431xx.o(.text)
    TIM1_CC_IRQHandler                       0x080002c7   Thumb Code     0  startup_stm32g431xx.o(.text)
    TIM1_TRG_COM_TIM17_IRQHandler            0x080002c7   Thumb Code     0  startup_stm32g431xx.o(.text)
    TIM2_IRQHandler                          0x080002c7   Thumb Code     0  startup_stm32g431xx.o(.text)
    TIM3_IRQHandler                          0x080002c7   Thumb Code     0  startup_stm32g431xx.o(.text)
    TIM4_IRQHandler                          0x080002c7   Thumb Code     0  startup_stm32g431xx.o(.text)
    TIM7_IRQHandler                          0x080002c7   Thumb Code     0  startup_stm32g431xx.o(.text)
    TIM8_BRK_IRQHandler                      0x080002c7   Thumb Code     0  startup_stm32g431xx.o(.text)
    TIM8_CC_IRQHandler                       0x080002c7   Thumb Code     0  startup_stm32g431xx.o(.text)
    TIM8_TRG_COM_IRQHandler                  0x080002c7   Thumb Code     0  startup_stm32g431xx.o(.text)
    TIM8_UP_IRQHandler                       0x080002c7   Thumb Code     0  startup_stm32g431xx.o(.text)
    UCPD1_IRQHandler                         0x080002c7   Thumb Code     0  startup_stm32g431xx.o(.text)
    USART2_IRQHandler                        0x080002c7   Thumb Code     0  startup_stm32g431xx.o(.text)
    USBWakeUp_IRQHandler                     0x080002c7   Thumb Code     0  startup_stm32g431xx.o(.text)
    USB_HP_IRQHandler                        0x080002c7   Thumb Code     0  startup_stm32g431xx.o(.text)
    USB_LP_IRQHandler                        0x080002c7   Thumb Code     0  startup_stm32g431xx.o(.text)
    WWDG_IRQHandler                          0x080002c7   Thumb Code     0  startup_stm32g431xx.o(.text)
    __aeabi_uldivmod                         0x080002d1   Thumb Code    98  uldiv.o(.text)
    __rt_ctype_table                         0x08000335   Thumb Code     4  ctype_o.o(.text)
    isspace                                  0x0800033d   Thumb Code    18  isspace_o.o(.text)
    __aeabi_memcpy                           0x0800034f   Thumb Code    36  memcpya.o(.text)
    __aeabi_memcpy4                          0x0800034f   Thumb Code     0  memcpya.o(.text)
    __aeabi_memcpy8                          0x0800034f   Thumb Code     0  memcpya.o(.text)
    __aeabi_memset                           0x08000373   Thumb Code    14  memseta.o(.text)
    __aeabi_memset4                          0x08000373   Thumb Code     0  memseta.o(.text)
    __aeabi_memset8                          0x08000373   Thumb Code     0  memseta.o(.text)
    __aeabi_memclr                           0x08000381   Thumb Code     4  memseta.o(.text)
    __aeabi_memclr4                          0x08000381   Thumb Code     0  memseta.o(.text)
    __aeabi_memclr8                          0x08000381   Thumb Code     0  memseta.o(.text)
    memset                                   0x08000385   Thumb Code    18  memseta.o(.text)
    strstr                                   0x08000397   Thumb Code    36  strstr.o(.text)
    strncpy                                  0x080003bb   Thumb Code    24  strncpy.o(.text)
    strchr                                   0x080003d3   Thumb Code    20  strchr.o(.text)
    strlen                                   0x080003e7   Thumb Code    14  strlen.o(.text)
    strcmp                                   0x080003f5   Thumb Code    28  strcmp.o(.text)
    strcpy                                   0x08000411   Thumb Code    18  strcpy.o(.text)
    _scanf_real                              0x0800054d   Thumb Code     0  scanf_fp.o(.text)
    _scanf_really_real                       0x0800054d   Thumb Code   556  scanf_fp.o(.text)
    strtol                                   0x08000785   Thumb Code   112  strtol.o(.text)
    __aeabi_dadd                             0x080007f5   Thumb Code   322  dadd.o(.text)
    __aeabi_dsub                             0x08000937   Thumb Code     6  dadd.o(.text)
    __aeabi_drsub                            0x0800093d   Thumb Code     6  dadd.o(.text)
    __aeabi_dmul                             0x08000943   Thumb Code   228  dmul.o(.text)
    __aeabi_ddiv                             0x08000a27   Thumb Code   222  ddiv.o(.text)
    __aeabi_i2d                              0x08000b05   Thumb Code    34  dflti.o(.text)
    __aeabi_f2d                              0x08000b27   Thumb Code    38  f2d.o(.text)
    __aeabi_cdrcmple                         0x08000b4d   Thumb Code    48  cdrcmple.o(.text)
    __aeabi_d2f                              0x08000b7d   Thumb Code    56  d2f.o(.text)
    __aeabi_uidiv                            0x08000bb5   Thumb Code     0  uidiv.o(.text)
    __aeabi_uidivmod                         0x08000bb5   Thumb Code    44  uidiv.o(.text)
    __aeabi_llsl                             0x08000be1   Thumb Code    30  llshl.o(.text)
    _ll_shift_l                              0x08000be1   Thumb Code     0  llshl.o(.text)
    __aeabi_llsr                             0x08000bff   Thumb Code    32  llushr.o(.text)
    _ll_ushift_r                             0x08000bff   Thumb Code     0  llushr.o(.text)
    __aeabi_lasr                             0x08000c1f   Thumb Code    36  llsshr.o(.text)
    _ll_sshift_r                             0x08000c1f   Thumb Code     0  llsshr.o(.text)
    _sgetc                                   0x08000c43   Thumb Code    30  _sgetc.o(.text)
    _sbackspace                              0x08000c61   Thumb Code    34  _sgetc.o(.text)
    _strtoul                                 0x08000c83   Thumb Code   158  _strtoul.o(.text)
    __strtod_int                             0x08000d57   Thumb Code    90  strtod.o(.text)
    __I$use$fp                               0x08000dbd   Thumb Code     0  iusefp.o(.text)
    _float_round                             0x08000dbd   Thumb Code    18  fepilogue.o(.text)
    _float_epilogue                          0x08000dcf   Thumb Code    92  fepilogue.o(.text)
    _double_round                            0x08000e2b   Thumb Code    30  depilogue.o(.text)
    _double_epilogue                         0x08000e49   Thumb Code   156  depilogue.o(.text)
    __aeabi_ul2d                             0x08000ee5   Thumb Code    24  dfltul.o(.text)
    __aeabi_d2ulz                            0x08000efd   Thumb Code    48  dfixul.o(.text)
    __scatterload                            0x08000f2d   Thumb Code    28  init.o(.text)
    __scatterload_rt2                        0x08000f2d   Thumb Code     0  init.o(.text)
    _chval                                   0x08000f51   Thumb Code    28  _chval.o(.text)
    BusFault_Handler                         0x08000f6d   Thumb Code     2  stm32g4xx_it.o(i.BusFault_Handler)
    DMA1_Channel1_IRQHandler                 0x08000f6f   Thumb Code     2  stm32g4xx_it.o(i.DMA1_Channel1_IRQHandler)
    DMA1_Channel2_IRQHandler                 0x08000f71   Thumb Code     2  stm32g4xx_it.o(i.DMA1_Channel2_IRQHandler)
    DMA1_Channel3_IRQHandler                 0x08000f73   Thumb Code     2  stm32g4xx_it.o(i.DMA1_Channel3_IRQHandler)
    DMA1_Channel5_IRQHandler                 0x08000f75   Thumb Code     6  stm32g4xx_it.o(i.DMA1_Channel5_IRQHandler)
    DebugMon_Handler                         0x08000f95   Thumb Code     2  stm32g4xx_it.o(i.DebugMon_Handler)
    Error_Handler                            0x08000f99   Thumb Code     6  main.o(i.Error_Handler)
    FLASH_FlushCaches                        0x08000fb5   Thumb Code    76  stm32g4xx_hal_flash_ex.o(i.FLASH_FlushCaches)
    FLASH_PageErase                          0x08001025   Thumb Code    34  stm32g4xx_hal_flash_ex.o(i.FLASH_PageErase)
    FLASH_WaitForLastOperation               0x08001095   Thumb Code    86  stm32g4xx_hal_flash.o(i.FLASH_WaitForLastOperation)
    HAL_Delay                                0x080010f5   Thumb Code    32  stm32g4xx_hal.o(i.HAL_Delay)
    HAL_FDCAN_Init                           0x08001119   Thumb Code   498  stm32g4xx_hal_fdcan.o(i.HAL_FDCAN_Init)
    HAL_FDCAN_MspInit                        0x0800131d   Thumb Code    88  fdcan.o(i.HAL_FDCAN_MspInit)
    HAL_FLASHEx_Erase                        0x0800137d   Thumb Code   210  stm32g4xx_hal_flash_ex.o(i.HAL_FLASHEx_Erase)
    HAL_FLASH_Lock                           0x08001459   Thumb Code    22  stm32g4xx_hal_flash.o(i.HAL_FLASH_Lock)
    HAL_FLASH_Program                        0x08001475   Thumb Code   116  stm32g4xx_hal_flash.o(i.HAL_FLASH_Program)
    HAL_FLASH_Unlock                         0x080014f1   Thumb Code    28  stm32g4xx_hal_flash.o(i.HAL_FLASH_Unlock)
    HAL_GPIO_Init                            0x08001519   Thumb Code   422  stm32g4xx_hal_gpio.o(i.HAL_GPIO_Init)
    HAL_GetTick                              0x080016e1   Thumb Code     6  stm32g4xx_hal.o(i.HAL_GetTick)
    HAL_IncTick                              0x080016ed   Thumb Code    12  stm32g4xx_hal.o(i.HAL_IncTick)
    HAL_Init                                 0x080016fd   Thumb Code    30  stm32g4xx_hal.o(i.HAL_Init)
    HAL_InitTick                             0x0800171d   Thumb Code   116  stm32g4xx_hal_timebase_tim.o(i.HAL_InitTick)
    HAL_MspInit                              0x080017a5   Thumb Code    42  stm32g4xx_hal_msp.o(i.HAL_MspInit)
    HAL_NVIC_EnableIRQ                       0x080017d5   Thumb Code    26  stm32g4xx_hal_cortex.o(i.HAL_NVIC_EnableIRQ)
    HAL_NVIC_SetPriority                     0x080017f1   Thumb Code    60  stm32g4xx_hal_cortex.o(i.HAL_NVIC_SetPriority)
    HAL_NVIC_SetPriorityGrouping             0x08001831   Thumb Code    26  stm32g4xx_hal_cortex.o(i.HAL_NVIC_SetPriorityGrouping)
    HAL_PWREx_DisableUCPDDeadBattery         0x08001855   Thumb Code    12  stm32g4xx_hal_pwr_ex.o(i.HAL_PWREx_DisableUCPDDeadBattery)
    HAL_RCC_GetClockConfig                   0x08001865   Thumb Code    54  stm32g4xx_hal_rcc.o(i.HAL_RCC_GetClockConfig)
    HAL_RCC_GetPCLK2Freq                     0x080018a5   Thumb Code    24  stm32g4xx_hal_rcc.o(i.HAL_RCC_GetPCLK2Freq)
    HAL_RTC_Init                             0x080018c9   Thumb Code   138  stm32g4xx_hal_rtc.o(i.HAL_RTC_Init)
    HAL_RTC_MspInit                          0x0800195d   Thumb Code    22  rtc.o(i.HAL_RTC_MspInit)
    HAL_RTC_WaitForSynchro                   0x0800197d   Thumb Code    48  stm32g4xx_hal_rtc.o(i.HAL_RTC_WaitForSynchro)
    HAL_TIMEx_Break2Callback                 0x080019b1   Thumb Code     2  stm32g4xx_hal_tim_ex.o(i.HAL_TIMEx_Break2Callback)
    HAL_TIMEx_BreakCallback                  0x080019b3   Thumb Code     2  stm32g4xx_hal_tim_ex.o(i.HAL_TIMEx_BreakCallback)
    HAL_TIMEx_CommutCallback                 0x080019b5   Thumb Code     2  stm32g4xx_hal_tim_ex.o(i.HAL_TIMEx_CommutCallback)
    HAL_TIMEx_DirectionChangeCallback        0x080019b7   Thumb Code     2  stm32g4xx_hal_tim_ex.o(i.HAL_TIMEx_DirectionChangeCallback)
    HAL_TIMEx_EncoderIndexCallback           0x080019b9   Thumb Code     2  stm32g4xx_hal_tim_ex.o(i.HAL_TIMEx_EncoderIndexCallback)
    HAL_TIMEx_IndexErrorCallback             0x080019bb   Thumb Code     2  stm32g4xx_hal_tim_ex.o(i.HAL_TIMEx_IndexErrorCallback)
    HAL_TIMEx_MasterConfigSynchronization    0x080019bd   Thumb Code   132  stm32g4xx_hal_tim_ex.o(i.HAL_TIMEx_MasterConfigSynchronization)
    HAL_TIMEx_TransitionErrorCallback        0x08001a59   Thumb Code     2  stm32g4xx_hal_tim_ex.o(i.HAL_TIMEx_TransitionErrorCallback)
    HAL_TIM_Base_Init                        0x08001a5b   Thumb Code    98  stm32g4xx_hal_tim.o(i.HAL_TIM_Base_Init)
    HAL_TIM_Base_MspInit                     0x08001abd   Thumb Code    50  tim.o(i.HAL_TIM_Base_MspInit)
    HAL_TIM_Base_Start_IT                    0x08001af9   Thumb Code    94  stm32g4xx_hal_tim.o(i.HAL_TIM_Base_Start_IT)
    HAL_TIM_IC_CaptureCallback               0x08001b71   Thumb Code     2  stm32g4xx_hal_tim.o(i.HAL_TIM_IC_CaptureCallback)
    HAL_TIM_IRQHandler                       0x08001b73   Thumb Code   508  stm32g4xx_hal_tim.o(i.HAL_TIM_IRQHandler)
    HAL_TIM_OC_DelayElapsedCallback          0x08001d6f   Thumb Code     2  stm32g4xx_hal_tim.o(i.HAL_TIM_OC_DelayElapsedCallback)
    HAL_TIM_PWM_PulseFinishedCallback        0x08001d71   Thumb Code     2  stm32g4xx_hal_tim.o(i.HAL_TIM_PWM_PulseFinishedCallback)
    HAL_TIM_PeriodElapsedCallback            0x08001d75   Thumb Code    14  main.o(i.HAL_TIM_PeriodElapsedCallback)
    HAL_TIM_TriggerCallback                  0x08001d89   Thumb Code     2  stm32g4xx_hal_tim.o(i.HAL_TIM_TriggerCallback)
    HardFault_Handler                        0x08001d8b   Thumb Code     2  stm32g4xx_it.o(i.HardFault_Handler)
    LL_GPIO_Init                             0x08001ef9   Thumb Code   310  stm32g4xx_ll_gpio.o(i.LL_GPIO_Init)
    LL_LPUART_Init                           0x08002031   Thumb Code   150  stm32g4xx_ll_lpuart.o(i.LL_LPUART_Init)
    LL_RCC_GetLPUARTClockFreq                0x080020d1   Thumb Code    76  stm32g4xx_ll_rcc.o(i.LL_RCC_GetLPUARTClockFreq)
    LL_RCC_GetUARTClockFreq                  0x08002125   Thumb Code    84  stm32g4xx_ll_rcc.o(i.LL_RCC_GetUARTClockFreq)
    LL_RCC_GetUSARTClockFreq                 0x08002181   Thumb Code   172  stm32g4xx_ll_rcc.o(i.LL_RCC_GetUSARTClockFreq)
    LL_SetSystemCoreClock                    0x08002281   Thumb Code     6  stm32g4xx_ll_utils.o(i.LL_SetSystemCoreClock)
    LL_USART_Init                            0x0800228d   Thumb Code   206  stm32g4xx_ll_usart.o(i.LL_USART_Init)
    LPUART1_IRQHandler                       0x08002375   Thumb Code     2  stm32g4xx_it.o(i.LPUART1_IRQHandler)
    MX_DMA_Init                              0x08002377   Thumb Code   122  dma.o(i.MX_DMA_Init)
    MX_FDCAN1_Init                           0x080023f1   Thumb Code    66  fdcan.o(i.MX_FDCAN1_Init)
    MX_FREERTOS_Init                         0x0800243d   Thumb Code    32  app_freertos.o(i.MX_FREERTOS_Init)
    MX_GPIO_Init                             0x0800246d   Thumb Code    70  gpio.o(i.MX_GPIO_Init)
    MX_LPUART1_UART_Init                     0x080024b9   Thumb Code   296  usart.o(i.MX_LPUART1_UART_Init)
    MX_RTC_Init                              0x080025ed   Thumb Code    52  rtc.o(i.MX_RTC_Init)
    MX_TIM6_Init                             0x08002629   Thumb Code    66  tim.o(i.MX_TIM6_Init)
    MX_UART4_Init                            0x08002675   Thumb Code   294  usart.o(i.MX_UART4_Init)
    MX_USART1_UART_Init                      0x080027a9   Thumb Code   384  usart.o(i.MX_USART1_UART_Init)
    MX_USART3_UART_Init                      0x08002941   Thumb Code   514  usart.o(i.MX_USART3_UART_Init)
    MemManage_Handler                        0x08002b55   Thumb Code     2  stm32g4xx_it.o(i.MemManage_Handler)
    NMI_Handler                              0x08002b57   Thumb Code     2  stm32g4xx_it.o(i.NMI_Handler)
    RCC_GetHCLKClockFreq                     0x08002bbd   Thumb Code    22  stm32g4xx_ll_rcc.o(i.RCC_GetHCLKClockFreq)
    RCC_GetPCLK1ClockFreq                    0x08002bdd   Thumb Code    24  stm32g4xx_ll_rcc.o(i.RCC_GetPCLK1ClockFreq)
    RCC_GetPCLK2ClockFreq                    0x08002bfd   Thumb Code    24  stm32g4xx_ll_rcc.o(i.RCC_GetPCLK2ClockFreq)
    RCC_GetSystemClockFreq                   0x08002c1d   Thumb Code    30  stm32g4xx_ll_rcc.o(i.RCC_GetSystemClockFreq)
    RCC_PLL_GetFreqDomain_SYS                0x08002c49   Thumb Code    62  stm32g4xx_ll_rcc.o(i.RCC_PLL_GetFreqDomain_SYS)
    RTC_EnterInitMode                        0x08002c95   Thumb Code    72  stm32g4xx_hal_rtc.o(i.RTC_EnterInitMode)
    RTC_ExitInitMode                         0x08002ce1   Thumb Code    84  stm32g4xx_hal_rtc.o(i.RTC_ExitInitMode)
    SysTick_Handler                          0x08002d39   Thumb Code    38  port.o(i.SysTick_Handler)
    SystemClock_Config                       0x08002d65   Thumb Code   344  main.o(i.SystemClock_Config)
    SystemInit                               0x08002ed9   Thumb Code    22  system_stm32g4xx.o(i.SystemInit)
    TIM1_UP_TIM16_IRQHandler                 0x08002ef5   Thumb Code     6  stm32g4xx_it.o(i.TIM1_UP_TIM16_IRQHandler)
    TIM6_DAC_IRQHandler                      0x08002f01   Thumb Code     2  stm32g4xx_it.o(i.TIM6_DAC_IRQHandler)
    TIM_Base_SetConfig                       0x08002f05   Thumb Code   146  stm32g4xx_hal_tim.o(i.TIM_Base_SetConfig)
    UART4_IRQHandler                         0x08002fb5   Thumb Code     2  stm32g4xx_it.o(i.UART4_IRQHandler)
    USART1_IRQHandler                        0x08002fb7   Thumb Code     4  stm32g4xx_it.o(i.USART1_IRQHandler)
    USART3_IRQHandler                        0x08002fbb   Thumb Code     4  stm32g4xx_it.o(i.USART3_IRQHandler)
    UsageFault_Handler                       0x08002fbf   Thumb Code     2  stm32g4xx_it.o(i.UsageFault_Handler)
    __0printf                                0x08002fc1   Thumb Code    22  printfa.o(i.__0printf)
    __1printf                                0x08002fc1   Thumb Code     0  printfa.o(i.__0printf)
    __2printf                                0x08002fc1   Thumb Code     0  printfa.o(i.__0printf)
    __c89printf                              0x08002fc1   Thumb Code     0  printfa.o(i.__0printf)
    printf                                   0x08002fc1   Thumb Code     0  printfa.o(i.__0printf)
    __0sprintf                               0x08002fe1   Thumb Code    34  printfa.o(i.__0sprintf)
    __1sprintf                               0x08002fe1   Thumb Code     0  printfa.o(i.__0sprintf)
    __2sprintf                               0x08002fe1   Thumb Code     0  printfa.o(i.__0sprintf)
    __c89sprintf                             0x08002fe1   Thumb Code     0  printfa.o(i.__0sprintf)
    sprintf                                  0x08002fe1   Thumb Code     0  printfa.o(i.__0sprintf)
    __aeabi_errno_addr                       0x080030bd   Thumb Code     4  errno.o(i.__aeabi_errno_addr)
    __rt_errno_addr                          0x080030bd   Thumb Code     0  errno.o(i.__aeabi_errno_addr)
    __hardfp_atof                            0x080030c9   Thumb Code    44  atof.o(i.__hardfp_atof)
    __read_errno                             0x08003101   Thumb Code     6  errno.o(i.__read_errno)
    __scatterload_copy                       0x0800310d   Thumb Code    14  handlers.o(i.__scatterload_copy)
    __scatterload_null                       0x0800311b   Thumb Code     2  handlers.o(i.__scatterload_null)
    __scatterload_zeroinit                   0x0800311d   Thumb Code    14  handlers.o(i.__scatterload_zeroinit)
    __set_errno                              0x0800312d   Thumb Code     6  errno.o(i.__set_errno)
    _is_digit                                0x080032bd   Thumb Code    14  scanf_fp.o(i._is_digit)
    at_act_action1                           0x08003a05   Thumb Code    18  init_state.o(i.at_act_action1)
    at_act_action2                           0x08003a45   Thumb Code    40  init_state.o(i.at_act_action2)
    at_action1                               0x08003a85   Thumb Code    18  init_state.o(i.at_action1)
    at_action2                               0x08003ab5   Thumb Code    18  init_state.o(i.at_action2)
    at_cgreg_action1                         0x08003acd   Thumb Code    18  init_state.o(i.at_cgreg_action1)
    at_cgreg_action2                         0x08003b05   Thumb Code    18  init_state.o(i.at_cgreg_action2)
    at_creg_action1                          0x08003b1d   Thumb Code    18  init_state.o(i.at_creg_action1)
    at_creg_action2                          0x08003b55   Thumb Code    18  init_state.o(i.at_creg_action2)
    at_csgp_action1                          0x08003b6d   Thumb Code    18  init_state.o(i.at_csgp_action1)
    at_csgp_action2                          0x08003bbd   Thumb Code    52  init_state.o(i.at_csgp_action2)
    at_httpcfg_context_action1               0x08003c3d   Thumb Code    18  init_state.o(i.at_httpcfg_context_action1)
    at_httpcfg_context_action2               0x08003c91   Thumb Code    18  init_state.o(i.at_httpcfg_context_action2)
    at_httpcfg_header_action1                0x08003ca9   Thumb Code    18  init_state.o(i.at_httpcfg_header_action1)
    at_httpcfg_header_action2                0x08003d01   Thumb Code    18  init_state.o(i.at_httpcfg_header_action2)
    at_httpget_download_action1              0x08003d19   Thumb Code    18  download_version_state.o(i.at_httpget_download_action1)
    at_httpget_download_action2              0x08003d51   Thumb Code    18  download_version_state.o(i.at_httpget_download_action2)
    at_httpget_file_action1                  0x08003d69   Thumb Code    18  download_version_state.o(i.at_httpget_file_action1)
    at_httpget_file_action2                  0x08003da1   Thumb Code    18  download_version_state.o(i.at_httpget_file_action2)
    at_httpget_version_action1               0x08003db9   Thumb Code    26  version_check.o(i.at_httpget_version_action1)
    at_httpget_version_action2               0x08003df5   Thumb Code    18  version_check.o(i.at_httpget_version_action2)
    at_httppost1_action1                     0x08003e0d   Thumb Code   126  upload_state.o(i.at_httppost1_action1)
    at_httppost1_action2                     0x08003f15   Thumb Code    18  upload_state.o(i.at_httppost1_action2)
    at_httppost_action1                      0x08003f31   Thumb Code    84  get_token_state.o(i.at_httppost_action1)
    at_httppost_action2                      0x08003fd1   Thumb Code    18  get_token_state.o(i.at_httppost_action2)
    at_httptoken_action1                     0x08003fed   Thumb Code    18  get_token_state.o(i.at_httptoken_action1)
    at_httptoken_action2                     0x08004015   Thumb Code    46  get_token_state.o(i.at_httptoken_action2)
    at_httpupload_action1                    0x08004059   Thumb Code    26  upload_state.o(i.at_httpupload_action1)
    at_httpupload_action2                    0x08004089   Thumb Code    64  upload_state.o(i.at_httpupload_action2)
    at_httpurl1_action1                      0x08004111   Thumb Code    54  upload_state.o(i.at_httpurl1_action1)
    at_httpurl1_action2                      0x080041a1   Thumb Code    18  upload_state.o(i.at_httpurl1_action2)
    at_httpurl1_add_action1                  0x080041bd   Thumb Code    18  upload_state.o(i.at_httpurl1_add_action1)
    at_httpurl1_add_action2                  0x080041e9   Thumb Code    18  upload_state.o(i.at_httpurl1_add_action2)
    at_httpurl_action1                       0x08004201   Thumb Code    50  get_token_state.o(i.at_httpurl_action1)
    at_httpurl_action2                       0x0800427d   Thumb Code    18  get_token_state.o(i.at_httpurl_action2)
    at_httpurl_add_action1                   0x08004299   Thumb Code    18  get_token_state.o(i.at_httpurl_add_action1)
    at_httpurl_add_action2                   0x080042c5   Thumb Code    18  get_token_state.o(i.at_httpurl_add_action2)
    at_httpurl_content_download_action1      0x080042dd   Thumb Code    18  download_version_state.o(i.at_httpurl_content_download_action1)
    at_httpurl_content_download_action2      0x0800430d   Thumb Code    18  download_version_state.o(i.at_httpurl_content_download_action2)
    at_httpurl_content_file_action1          0x08004325   Thumb Code    18  download_version_state.o(i.at_httpurl_content_file_action1)
    at_httpurl_content_file_action2          0x08004351   Thumb Code    18  download_version_state.o(i.at_httpurl_content_file_action2)
    at_httpurl_download_action1              0x08004369   Thumb Code    60  download_version_state.o(i.at_httpurl_download_action1)
    at_httpurl_download_action2              0x08004419   Thumb Code    18  download_version_state.o(i.at_httpurl_download_action2)
    at_httpurl_file_action1                  0x08004435   Thumb Code    50  download_version_state.o(i.at_httpurl_file_action1)
    at_httpurl_file_action2                  0x080044cd   Thumb Code    18  download_version_state.o(i.at_httpurl_file_action2)
    at_httpurl_version_action1               0x080044e9   Thumb Code    54  version_check.o(i.at_httpurl_version_action1)
    at_httpurl_version_action2               0x0800458d   Thumb Code    18  version_check.o(i.at_httpurl_version_action2)
    at_httpurl_version_add_action1           0x080045a9   Thumb Code    20  version_check.o(i.at_httpurl_version_add_action1)
    at_httpurl_version_add_action2           0x080045c9   Thumb Code    18  version_check.o(i.at_httpurl_version_add_action2)
    at_pin_action1                           0x080045e1   Thumb Code    18  init_state.o(i.at_pin_action1)
    at_pin_action2                           0x08004619   Thumb Code    18  init_state.o(i.at_pin_action2)
    at_query_act_action1                     0x08004635   Thumb Code    18  init_state.o(i.at_query_act_action1)
    at_query_act_action2                     0x0800466d   Thumb Code    50  init_state.o(i.at_query_act_action2)
    at_read_download_url_action1             0x080046a1   Thumb Code    24  download_version_state.o(i.at_read_download_url_action1)
    at_read_download_url_action2             0x080046e5   Thumb Code    28  download_version_state.o(i.at_read_download_url_action2)
    at_read_file_action1                     0x08004709   Thumb Code    24  download_version_state.o(i.at_read_file_action1)
    at_read_file_action2                     0x08004765   Thumb Code    46  download_version_state.o(i.at_read_file_action2)
    at_read_version_action1                  0x080047c9   Thumb Code    24  version_check.o(i.at_read_version_action1)
    at_read_version_action2                  0x0800480d   Thumb Code    28  version_check.o(i.at_read_version_action2)
    at_readresult_action1                    0x08004831   Thumb Code    18  upload_state.o(i.at_readresult_action1)
    at_readresult_action2                    0x08004875   Thumb Code    36  upload_state.o(i.at_readresult_action2)
    at_readtoken_action1                     0x080048ad   Thumb Code    24  get_token_state.o(i.at_readtoken_action1)
    at_readtoken_action2                     0x080048f5   Thumb Code    28  get_token_state.o(i.at_readtoken_action2)
    at_task                                  0x08004919   Thumb Code   184  app_freertos.o(i.at_task)
    atinfo_callback                          0x08004a11   Thumb Code   170  usart.o(i.atinfo_callback)
    fputc                                    0x08004afd   Thumb Code    18  usart.o(i.fputc)
    get_access_token                         0x08004b15   Thumb Code     4  utils.o(i.get_access_token)
    get_current_state_index                  0x08004b1d   Thumb Code     4  at_statemachine.o(i.get_current_state_index)
    get_file_url_form_buffer                 0x08004b25   Thumb Code    82  utils.o(i.get_file_url_form_buffer)
    get_gps_info                             0x08004bb9   Thumb Code     4  data_saver.o(i.get_gps_info)
    get_result_from_buffer                   0x08004bc1   Thumb Code    12  utils.o(i.get_result_from_buffer)
    get_token_from_buffer                    0x08004be5   Thumb Code    82  utils.o(i.get_token_from_buffer)
    get_version_from_buffer                  0x08004c89   Thumb Code    82  utils.o(i.get_version_from_buffer)
    get_version_string                       0x08004d1d   Thumb Code     4  data_saver.o(i.get_version_string)
    gps_task                                 0x08004d25   Thumb Code   192  app_freertos.o(i.gps_task)
    gpsinfo_callback                         0x08004e9d   Thumb Code   164  usart.o(i.gpsinfo_callback)
    init_at_module                           0x08004f81   Thumb Code     6  at_statemachine.o(i.init_at_module)
    init_at_statemachine                     0x08004f8d   Thumb Code    24  at_statemachine.o(i.init_at_statemachine)
    isCorrectCommand                         0x08004fad   Thumb Code    16  utils.o(i.isCorrectCommand)
    jump_to_init_at_task                     0x08004fbd   Thumb Code     6  at_statemachine.o(i.jump_to_init_at_task)
    jump_to_next_at_statemachine             0x08004fc9   Thumb Code    38  at_statemachine.o(i.jump_to_next_at_statemachine)
    jump_to_next_at_task                     0x08004ff9   Thumb Code   114  at_statemachine.o(i.jump_to_next_at_task)
    main                                     0x0800507d   Thumb Code    60  main.o(i.main)
    minmea_parse_gga                         0x080050dd   Thumb Code   114  minmea.o(i.minmea_parse_gga)
    minmea_parse_rmc                         0x08005165   Thumb Code   134  minmea.o(i.minmea_parse_rmc)
    minmea_scan                              0x08005201   Thumb Code   928  minmea.o(i.minmea_scan)
    osKernelInitialize                       0x080055a5   Thumb Code    48  cmsis_os2.o(i.osKernelInitialize)
    osKernelStart                            0x080055d9   Thumb Code    56  cmsis_os2.o(i.osKernelStart)
    osThreadFlagsSet                         0x08005615   Thumb Code   132  cmsis_os2.o(i.osThreadFlagsSet)
    osThreadFlagsWait                        0x080056a1   Thumb Code   170  cmsis_os2.o(i.osThreadFlagsWait)
    osThreadNew                              0x08005751   Thumb Code   158  cmsis_os2.o(i.osThreadNew)
    pvPortMalloc                             0x08005f9d   Thumb Code   210  heap_4.o(i.pvPortMalloc)
    pxPortInitialiseStack                    0x08006075   Thumb Code    40  port.o(i.pxPortInitialiseStack)
    save_gps_info                            0x080060a1   Thumb Code    72  data_saver.o(i.save_gps_info)
    save_update_flag                         0x08006105   Thumb Code   108  utils.o(i.save_update_flag)
    send_at_command                          0x080061d5   Thumb Code    26  usart.o(i.send_at_command)
    set_ip_address                           0x080061f5   Thumb Code    22  utils.o(i.set_ip_address)
    uxListRemove                             0x0800621d   Thumb Code    38  list.o(i.uxListRemove)
    uxTaskGetNumberOfTasks                   0x08006245   Thumb Code     6  tasks.o(i.uxTaskGetNumberOfTasks)
    uxTaskGetStackHighWaterMark              0x08006251   Thumb Code    12  tasks.o(i.uxTaskGetStackHighWaterMark)
    vApplicationGetIdleTaskMemory            0x08006261   Thumb Code    16  cmsis_os2.o(i.vApplicationGetIdleTaskMemory)
    vApplicationGetTimerTaskMemory           0x08006275   Thumb Code    18  cmsis_os2.o(i.vApplicationGetTimerTaskMemory)
    vListInitialise                          0x0800628d   Thumb Code    22  list.o(i.vListInitialise)
    vListInitialiseItem                      0x080062a3   Thumb Code     6  list.o(i.vListInitialiseItem)
    vListInsert                              0x080062a9   Thumb Code    48  list.o(i.vListInsert)
    vListInsertEnd                           0x080062d9   Thumb Code    24  list.o(i.vListInsertEnd)
    vPortEnterCritical                       0x080062f1   Thumb Code    54  port.o(i.vPortEnterCritical)
    vPortExitCritical                        0x08006331   Thumb Code    34  port.o(i.vPortExitCritical)
    vPortFree                                0x08006359   Thumb Code    88  heap_4.o(i.vPortFree)
    vPortSetupTimerInterrupt                 0x080063b5   Thumb Code    32  port.o(i.vPortSetupTimerInterrupt)
    vPortValidateInterruptPriority           0x080063d9   Thumb Code    74  port.o(i.vPortValidateInterruptPriority)
    vQueueAddToRegistry                      0x0800642d   Thumb Code    34  queue.o(i.vQueueAddToRegistry)
    vQueueWaitForMessageRestricted           0x08006455   Thumb Code    68  queue.o(i.vQueueWaitForMessageRestricted)
    vTaskInternalSetTimeOutState             0x08006499   Thumb Code    12  tasks.o(i.vTaskInternalSetTimeOutState)
    vTaskMissedYield                         0x080064a9   Thumb Code     8  tasks.o(i.vTaskMissedYield)
    vTaskPlaceOnEventList                    0x080064b5   Thumb Code    44  tasks.o(i.vTaskPlaceOnEventList)
    vTaskPlaceOnEventListRestricted          0x080064e5   Thumb Code    52  tasks.o(i.vTaskPlaceOnEventListRestricted)
    vTaskStartScheduler                      0x0800651d   Thumb Code   118  tasks.o(i.vTaskStartScheduler)
    vTaskSuspendAll                          0x080065a5   Thumb Code    10  tasks.o(i.vTaskSuspendAll)
    vTaskSwitchContext                       0x080065b5   Thumb Code    90  tasks.o(i.vTaskSwitchContext)
    xPortStartScheduler                      0x08006619   Thumb Code   222  port.o(i.xPortStartScheduler)
    xQueueGenericCreateStatic                0x0800670d   Thumb Code   102  queue.o(i.xQueueGenericCreateStatic)
    xQueueGenericReset                       0x08006775   Thumb Code   132  queue.o(i.xQueueGenericReset)
    xQueueGenericSend                        0x080067fd   Thumb Code   346  queue.o(i.xQueueGenericSend)
    xQueueGenericSendFromISR                 0x0800695d   Thumb Code   188  queue.o(i.xQueueGenericSendFromISR)
    xQueueReceive                            0x08006a19   Thumb Code   308  queue.o(i.xQueueReceive)
    xTaskCheckForTimeOut                     0x08006b51   Thumb Code   112  tasks.o(i.xTaskCheckForTimeOut)
    xTaskCreate                              0x08006bc5   Thumb Code    90  tasks.o(i.xTaskCreate)
    xTaskCreateStatic                        0x08006c1f   Thumb Code    86  tasks.o(i.xTaskCreateStatic)
    xTaskGenericNotify                       0x08006c75   Thumb Code   210  tasks.o(i.xTaskGenericNotify)
    xTaskGenericNotifyFromISR                0x08006d55   Thumb Code   246  tasks.o(i.xTaskGenericNotifyFromISR)
    xTaskGetSchedulerState                   0x08006e59   Thumb Code    22  tasks.o(i.xTaskGetSchedulerState)
    xTaskGetTickCount                        0x08006e75   Thumb Code     6  tasks.o(i.xTaskGetTickCount)
    xTaskGetTickCountFromISR                 0x08006e81   Thumb Code    12  tasks.o(i.xTaskGetTickCountFromISR)
    xTaskIncrementTick                       0x08006e91   Thumb Code   190  tasks.o(i.xTaskIncrementTick)
    xTaskNotifyWait                          0x08006f59   Thumb Code   130  tasks.o(i.xTaskNotifyWait)
    xTaskPriorityDisinherit                  0x08006fe5   Thumb Code   118  tasks.o(i.xTaskPriorityDisinherit)
    xTaskRemoveFromEventList                 0x08007065   Thumb Code    98  tasks.o(i.xTaskRemoveFromEventList)
    xTaskResumeAll                           0x080070d5   Thumb Code   182  tasks.o(i.xTaskResumeAll)
    xTimerCreateTimerTask                    0x08007199   Thumb Code    78  timers.o(i.xTimerCreateTimerTask)
    xTimerGenericCommand                     0x080071f9   Thumb Code    98  timers.o(i.xTimerGenericCommand)
    gps_task_attributes                      0x08007560   Data          36  app_freertos.o(.constdata)
    at_task_attributes                       0x08007584   Data          36  app_freertos.o(.constdata)
    AHBPrescTable                            0x080075f8   Data          16  system_stm32g4xx.o(.constdata)
    APBPrescTable                            0x08007608   Data           8  system_stm32g4xx.o(.constdata)
    __ctype_table                            0x08007610   Data         129  ctype_o.o(.constdata)
    Region$$Table$$Base                      0x08007888   Number         0  anon$$obj.o(Region$$Table)
    Region$$Table$$Limit                     0x080078a8   Number         0  anon$$obj.o(Region$$Table)
    ip                                       0x20000000   Data           4  at_statemachine.o(.data)
    host                                     0x20000004   Data           4  at_statemachine.o(.data)
    app_name                                 0x20000008   Data           4  at_statemachine.o(.data)
    gps_task_handle                          0x20000018   Data           4  app_freertos.o(.data)
    at_task_handle                           0x2000001c   Data           4  app_freertos.o(.data)
    uwTickPrio                               0x2000003c   Data           4  stm32g4xx_hal.o(.data)
    uwTickFreq                               0x20000040   Data           4  stm32g4xx_hal.o(.data)
    uwTick                                   0x20000044   Data           4  stm32g4xx_hal.o(.data)
    pFlash                                   0x20000048   Data          32  stm32g4xx_hal_flash.o(.data)
    SystemCoreClock                          0x20000068   Data           4  system_stm32g4xx.o(.data)
    pxCurrentTCB                             0x2000006c   Data           4  tasks.o(.data)
    __stdout                                 0x200000e4   Data           4  stdout.o(.data)
    hfdcan1                                  0x20000654   Data         100  fdcan.o(.bss)
    usart1_buffer                            0x200006b8   Data         768  usart.o(.bss)
    usart3_buffer                            0x200009b8   Data         512  usart.o(.bss)
    at_buffer                                0x20000bb8   Data         512  usart.o(.bss)
    hrtc                                     0x20000db8   Data          40  rtc.o(.bss)
    htim6                                    0x20000de0   Data          76  tim.o(.bss)
    htim1                                    0x20000e2c   Data          76  stm32g4xx_hal_timebase_tim.o(.bss)
    version_string                           0x20000e78   Data          10  data_saver.o(.bss)
    download_file_url                        0x20000e82   Data         128  data_saver.o(.bss)
    url_content                              0x200010de   Data          64  upload_state.o(.bss)
    xQueueRegistry                           0x200013a0   Data          64  queue.o(.bss)
    __initial_sp                             0x20003478   Data           0  startup_stm32g431xx.o(STACK)



==============================================================================

Memory Map of the image

  Image Entry point : 0x080001d9

  Load Region LR_IROM1 (Base: 0x08000000, Size: 0x00007994, Max: 0x00020000, ABSOLUTE)

    Execution Region ER_IROM1 (Exec base: 0x08000000, Load base: 0x08000000, Size: 0x000078a8, Max: 0x00020000, ABSOLUTE)

    Exec Addr    Load Addr    Size         Type   Attr      Idx    E Section Name        Object

    0x08000000   0x08000000   0x000001d8   Data   RO            3    RESET               startup_stm32g431xx.o
    0x080001d8   0x080001d8   0x00000000   Code   RO         8141  * .ARM.Collect$$$$00000000  mc_w.l(entry.o)
    0x080001d8   0x080001d8   0x00000004   Code   RO         8513    .ARM.Collect$$$$00000001  mc_w.l(entry2.o)
    0x080001dc   0x080001dc   0x00000004   Code   RO         8516    .ARM.Collect$$$$00000004  mc_w.l(entry5.o)
    0x080001e0   0x080001e0   0x00000000   Code   RO         8518    .ARM.Collect$$$$00000008  mc_w.l(entry7b.o)
    0x080001e0   0x080001e0   0x00000000   Code   RO         8520    .ARM.Collect$$$$0000000A  mc_w.l(entry8b.o)
    0x080001e0   0x080001e0   0x00000008   Code   RO         8521    .ARM.Collect$$$$0000000B  mc_w.l(entry9a.o)
    0x080001e8   0x080001e8   0x00000000   Code   RO         8523    .ARM.Collect$$$$0000000D  mc_w.l(entry10a.o)
    0x080001e8   0x080001e8   0x00000000   Code   RO         8525    .ARM.Collect$$$$0000000F  mc_w.l(entry11a.o)
    0x080001e8   0x080001e8   0x00000004   Code   RO         8514    .ARM.Collect$$$$00002712  mc_w.l(entry2.o)
    0x080001ec   0x080001ec   0x000000be   Code   RO         8046    .emb_text           port.o
    0x080002aa   0x080002aa   0x00000002   PAD
    0x080002ac   0x080002ac   0x00000024   Code   RO            4    .text               startup_stm32g431xx.o
    0x080002d0   0x080002d0   0x00000062   Code   RO         8144    .text               mc_w.l(uldiv.o)
    0x08000332   0x08000332   0x00000002   PAD
    0x08000334   0x08000334   0x00000008   Code   RO         8146    .text               mc_w.l(ctype_o.o)
    0x0800033c   0x0800033c   0x00000012   Code   RO         8168    .text               mc_w.l(isspace_o.o)
    0x0800034e   0x0800034e   0x00000024   Code   RO         8176    .text               mc_w.l(memcpya.o)
    0x08000372   0x08000372   0x00000024   Code   RO         8180    .text               mc_w.l(memseta.o)
    0x08000396   0x08000396   0x00000024   Code   RO         8182    .text               mc_w.l(strstr.o)
    0x080003ba   0x080003ba   0x00000018   Code   RO         8184    .text               mc_w.l(strncpy.o)
    0x080003d2   0x080003d2   0x00000014   Code   RO         8186    .text               mc_w.l(strchr.o)
    0x080003e6   0x080003e6   0x0000000e   Code   RO         8188    .text               mc_w.l(strlen.o)
    0x080003f4   0x080003f4   0x0000001c   Code   RO         8190    .text               mc_w.l(strcmp.o)
    0x08000410   0x08000410   0x00000012   Code   RO         8192    .text               mc_w.l(strcpy.o)
    0x08000422   0x08000422   0x00000002   PAD
    0x08000424   0x08000424   0x00000360   Code   RO         8489    .text               mc_w.l(scanf_fp.o)
    0x08000784   0x08000784   0x00000070   Code   RO         8493    .text               mc_w.l(strtol.o)
    0x080007f4   0x080007f4   0x0000014e   Code   RO         8495    .text               mf_w.l(dadd.o)
    0x08000942   0x08000942   0x000000e4   Code   RO         8497    .text               mf_w.l(dmul.o)
    0x08000a26   0x08000a26   0x000000de   Code   RO         8499    .text               mf_w.l(ddiv.o)
    0x08000b04   0x08000b04   0x00000022   Code   RO         8501    .text               mf_w.l(dflti.o)
    0x08000b26   0x08000b26   0x00000026   Code   RO         8505    .text               mf_w.l(f2d.o)
    0x08000b4c   0x08000b4c   0x00000030   Code   RO         8509    .text               mf_w.l(cdrcmple.o)
    0x08000b7c   0x08000b7c   0x00000038   Code   RO         8511    .text               mf_w.l(d2f.o)
    0x08000bb4   0x08000bb4   0x0000002c   Code   RO         8528    .text               mc_w.l(uidiv.o)
    0x08000be0   0x08000be0   0x0000001e   Code   RO         8530    .text               mc_w.l(llshl.o)
    0x08000bfe   0x08000bfe   0x00000020   Code   RO         8532    .text               mc_w.l(llushr.o)
    0x08000c1e   0x08000c1e   0x00000024   Code   RO         8534    .text               mc_w.l(llsshr.o)
    0x08000c42   0x08000c42   0x00000040   Code   RO         8547    .text               mc_w.l(_sgetc.o)
    0x08000c82   0x08000c82   0x0000009e   Code   RO         8549    .text               mc_w.l(_strtoul.o)
    0x08000d20   0x08000d20   0x0000009c   Code   RO         8551    .text               mc_w.l(strtod.o)
    0x08000dbc   0x08000dbc   0x00000000   Code   RO         8553    .text               mc_w.l(iusefp.o)
    0x08000dbc   0x08000dbc   0x0000006e   Code   RO         8554    .text               mf_w.l(fepilogue.o)
    0x08000e2a   0x08000e2a   0x000000ba   Code   RO         8556    .text               mf_w.l(depilogue.o)
    0x08000ee4   0x08000ee4   0x00000018   Code   RO         8558    .text               mf_w.l(dfltul.o)
    0x08000efc   0x08000efc   0x00000030   Code   RO         8560    .text               mf_w.l(dfixul.o)
    0x08000f2c   0x08000f2c   0x00000024   Code   RO         8562    .text               mc_w.l(init.o)
    0x08000f50   0x08000f50   0x0000001c   Code   RO         8566    .text               mc_w.l(_chval.o)
    0x08000f6c   0x08000f6c   0x00000002   Code   RO         1698    i.BusFault_Handler  stm32g4xx_it.o
    0x08000f6e   0x08000f6e   0x00000002   Code   RO         1699    i.DMA1_Channel1_IRQHandler  stm32g4xx_it.o
    0x08000f70   0x08000f70   0x00000002   Code   RO         1700    i.DMA1_Channel2_IRQHandler  stm32g4xx_it.o
    0x08000f72   0x08000f72   0x00000002   Code   RO         1701    i.DMA1_Channel3_IRQHandler  stm32g4xx_it.o
    0x08000f74   0x08000f74   0x00000020   Code   RO         1702    i.DMA1_Channel5_IRQHandler  stm32g4xx_it.o
    0x08000f94   0x08000f94   0x00000002   Code   RO         1703    i.DebugMon_Handler  stm32g4xx_it.o
    0x08000f96   0x08000f96   0x00000002   PAD
    0x08000f98   0x08000f98   0x0000001c   Code   RO         1150    i.Error_Handler     main.o
    0x08000fb4   0x08000fb4   0x00000054   Code   RO         3658    i.FLASH_FlushCaches  stm32g4xx_hal_flash_ex.o
    0x08001008   0x08001008   0x0000001c   Code   RO         3659    i.FLASH_MassErase   stm32g4xx_hal_flash_ex.o
    0x08001024   0x08001024   0x00000028   Code   RO         3661    i.FLASH_PageErase   stm32g4xx_hal_flash_ex.o
    0x0800104c   0x0800104c   0x0000001c   Code   RO         3549    i.FLASH_Program_DoubleWord  stm32g4xx_hal_flash.o
    0x08001068   0x08001068   0x0000002c   Code   RO         3550    i.FLASH_Program_Fast  stm32g4xx_hal_flash.o
    0x08001094   0x08001094   0x00000060   Code   RO         3551    i.FLASH_WaitForLastOperation  stm32g4xx_hal_flash.o
    0x080010f4   0x080010f4   0x00000024   Code   RO         3082    i.HAL_Delay         stm32g4xx_hal.o
    0x08001118   0x08001118   0x00000204   Code   RO         2734    i.HAL_FDCAN_Init    stm32g4xx_hal_fdcan.o
    0x0800131c   0x0800131c   0x00000060   Code   RO         1396    i.HAL_FDCAN_MspInit  fdcan.o
    0x0800137c   0x0800137c   0x000000dc   Code   RO         3665    i.HAL_FLASHEx_Erase  stm32g4xx_hal_flash_ex.o
    0x08001458   0x08001458   0x0000001c   Code   RO         3555    i.HAL_FLASH_Lock    stm32g4xx_hal_flash.o
    0x08001474   0x08001474   0x0000007c   Code   RO         3560    i.HAL_FLASH_Program  stm32g4xx_hal_flash.o
    0x080014f0   0x080014f0   0x00000028   Code   RO         3562    i.HAL_FLASH_Unlock  stm32g4xx_hal_flash.o
    0x08001518   0x08001518   0x000001c8   Code   RO         2526    i.HAL_GPIO_Init     stm32g4xx_hal_gpio.o
    0x080016e0   0x080016e0   0x0000000c   Code   RO         3086    i.HAL_GetTick       stm32g4xx_hal.o
    0x080016ec   0x080016ec   0x00000010   Code   RO         3089    i.HAL_IncTick       stm32g4xx_hal.o
    0x080016fc   0x080016fc   0x0000001e   Code   RO         3090    i.HAL_Init          stm32g4xx_hal.o
    0x0800171a   0x0800171a   0x00000002   PAD
    0x0800171c   0x0800171c   0x00000088   Code   RO         1840    i.HAL_InitTick      stm32g4xx_hal_timebase_tim.o
    0x080017a4   0x080017a4   0x00000030   Code   RO         1816    i.HAL_MspInit       stm32g4xx_hal_msp.o
    0x080017d4   0x080017d4   0x0000001a   Code   RO         4354    i.HAL_NVIC_EnableIRQ  stm32g4xx_hal_cortex.o
    0x080017ee   0x080017ee   0x00000002   PAD
    0x080017f0   0x080017f0   0x00000040   Code   RO         4360    i.HAL_NVIC_SetPriority  stm32g4xx_hal_cortex.o
    0x08001830   0x08001830   0x00000024   Code   RO         4361    i.HAL_NVIC_SetPriorityGrouping  stm32g4xx_hal_cortex.o
    0x08001854   0x08001854   0x00000010   Code   RO         4122    i.HAL_PWREx_DisableUCPDDeadBattery  stm32g4xx_hal_pwr_ex.o
    0x08001864   0x08001864   0x00000040   Code   RO         3315    i.HAL_RCC_GetClockConfig  stm32g4xx_hal_rcc.o
    0x080018a4   0x080018a4   0x00000024   Code   RO         3319    i.HAL_RCC_GetPCLK2Freq  stm32g4xx_hal_rcc.o
    0x080018c8   0x080018c8   0x00000094   Code   RO         4750    i.HAL_RTC_Init      stm32g4xx_hal_rtc.o
    0x0800195c   0x0800195c   0x00000020   Code   RO         1624    i.HAL_RTC_MspInit   rtc.o
    0x0800197c   0x0800197c   0x00000034   Code   RO         4758    i.HAL_RTC_WaitForSynchro  stm32g4xx_hal_rtc.o
    0x080019b0   0x080019b0   0x00000002   Code   RO         5883    i.HAL_TIMEx_Break2Callback  stm32g4xx_hal_tim_ex.o
    0x080019b2   0x080019b2   0x00000002   Code   RO         5884    i.HAL_TIMEx_BreakCallback  stm32g4xx_hal_tim_ex.o
    0x080019b4   0x080019b4   0x00000002   Code   RO         5885    i.HAL_TIMEx_CommutCallback  stm32g4xx_hal_tim_ex.o
    0x080019b6   0x080019b6   0x00000002   Code   RO         5896    i.HAL_TIMEx_DirectionChangeCallback  stm32g4xx_hal_tim_ex.o
    0x080019b8   0x080019b8   0x00000002   Code   RO         5910    i.HAL_TIMEx_EncoderIndexCallback  stm32g4xx_hal_tim_ex.o
    0x080019ba   0x080019ba   0x00000002   Code   RO         5924    i.HAL_TIMEx_IndexErrorCallback  stm32g4xx_hal_tim_ex.o
    0x080019bc   0x080019bc   0x0000009c   Code   RO         5925    i.HAL_TIMEx_MasterConfigSynchronization  stm32g4xx_hal_tim_ex.o
    0x08001a58   0x08001a58   0x00000002   Code   RO         5946    i.HAL_TIMEx_TransitionErrorCallback  stm32g4xx_hal_tim_ex.o
    0x08001a5a   0x08001a5a   0x00000062   Code   RO         5169    i.HAL_TIM_Base_Init  stm32g4xx_hal_tim.o
    0x08001abc   0x08001abc   0x0000003c   Code   RO         1665    i.HAL_TIM_Base_MspInit  tim.o
    0x08001af8   0x08001af8   0x00000078   Code   RO         5174    i.HAL_TIM_Base_Start_IT  stm32g4xx_hal_tim.o
    0x08001b70   0x08001b70   0x00000002   Code   RO         5203    i.HAL_TIM_IC_CaptureCallback  stm32g4xx_hal_tim.o
    0x08001b72   0x08001b72   0x000001fc   Code   RO         5217    i.HAL_TIM_IRQHandler  stm32g4xx_hal_tim.o
    0x08001d6e   0x08001d6e   0x00000002   Code   RO         5220    i.HAL_TIM_OC_DelayElapsedCallback  stm32g4xx_hal_tim.o
    0x08001d70   0x08001d70   0x00000002   Code   RO         5247    i.HAL_TIM_PWM_PulseFinishedCallback  stm32g4xx_hal_tim.o
    0x08001d72   0x08001d72   0x00000002   PAD
    0x08001d74   0x08001d74   0x00000014   Code   RO         1151    i.HAL_TIM_PeriodElapsedCallback  main.o
    0x08001d88   0x08001d88   0x00000002   Code   RO         5260    i.HAL_TIM_TriggerCallback  stm32g4xx_hal_tim.o
    0x08001d8a   0x08001d8a   0x00000002   Code   RO         1704    i.HardFault_Handler  stm32g4xx_it.o
    0x08001d8c   0x08001d8c   0x00000018   Code   RO         1339    i.LL_AHB1_GRP1_EnableClock  dma.o
    0x08001da4   0x08001da4   0x00000018   Code   RO         1437    i.LL_AHB2_GRP1_EnableClock  usart.o
    0x08001dbc   0x08001dbc   0x00000018   Code   RO         1438    i.LL_APB1_GRP1_EnableClock  usart.o
    0x08001dd4   0x08001dd4   0x00000014   Code   RO         1439    i.LL_DMA_DisableChannel  usart.o
    0x08001de8   0x08001de8   0x00000014   Code   RO         1440    i.LL_DMA_EnableChannel  usart.o
    0x08001dfc   0x08001dfc   0x00000010   Code   RO         1441    i.LL_DMA_GetDataLength  usart.o
    0x08001e0c   0x08001e0c   0x00000014   Code   RO         1442    i.LL_DMA_SetChannelPriorityLevel  usart.o
    0x08001e20   0x08001e20   0x00000018   Code   RO         1443    i.LL_DMA_SetDataLength  usart.o
    0x08001e38   0x08001e38   0x00000018   Code   RO         1444    i.LL_DMA_SetDataTransferDirection  usart.o
    0x08001e50   0x08001e50   0x00000010   Code   RO         1445    i.LL_DMA_SetMemoryAddress  usart.o
    0x08001e60   0x08001e60   0x00000014   Code   RO         1446    i.LL_DMA_SetMemoryIncMode  usart.o
    0x08001e74   0x08001e74   0x00000014   Code   RO         1447    i.LL_DMA_SetMemorySize  usart.o
    0x08001e88   0x08001e88   0x00000014   Code   RO         1448    i.LL_DMA_SetMode    usart.o
    0x08001e9c   0x08001e9c   0x00000010   Code   RO         1449    i.LL_DMA_SetPeriphAddress  usart.o
    0x08001eac   0x08001eac   0x00000014   Code   RO         1450    i.LL_DMA_SetPeriphIncMode  usart.o
    0x08001ec0   0x08001ec0   0x00000024   Code   RO         1451    i.LL_DMA_SetPeriphRequest  usart.o
    0x08001ee4   0x08001ee4   0x00000014   Code   RO         1452    i.LL_DMA_SetPeriphSize  usart.o
    0x08001ef8   0x08001ef8   0x00000136   Code   RO         2592    i.LL_GPIO_Init      stm32g4xx_ll_gpio.o
    0x0800202e   0x0800202e   0x00000002   PAD
    0x08002030   0x08002030   0x000000a0   Code   RO         4485    i.LL_LPUART_Init    stm32g4xx_ll_lpuart.o
    0x080020d0   0x080020d0   0x00000054   Code   RO         4535    i.LL_RCC_GetLPUARTClockFreq  stm32g4xx_ll_rcc.o
    0x08002124   0x08002124   0x0000005c   Code   RO         4539    i.LL_RCC_GetUARTClockFreq  stm32g4xx_ll_rcc.o
    0x08002180   0x08002180   0x000000b4   Code   RO         4540    i.LL_RCC_GetUSARTClockFreq  stm32g4xx_ll_rcc.o
    0x08002234   0x08002234   0x00000010   Code   RO         4542    i.LL_RCC_HSI_IsReady  stm32g4xx_ll_rcc.o
    0x08002244   0x08002244   0x00000010   Code   RO         4543    i.LL_RCC_LSE_IsReady  stm32g4xx_ll_rcc.o
    0x08002254   0x08002254   0x00000014   Code   RO         1152    i.LL_RCC_SetAHBPrescaler  main.o
    0x08002268   0x08002268   0x00000018   Code   RO         1153    i.LL_RCC_SetUSARTClockSource  main.o
    0x08002280   0x08002280   0x0000000c   Code   RO         2402    i.LL_SetSystemCoreClock  stm32g4xx_ll_utils.o
    0x0800228c   0x0800228c   0x000000e8   Code   RO         4689    i.LL_USART_Init     stm32g4xx_ll_usart.o
    0x08002374   0x08002374   0x00000002   Code   RO         1705    i.LPUART1_IRQHandler  stm32g4xx_it.o
    0x08002376   0x08002376   0x0000007a   Code   RO         1340    i.MX_DMA_Init       dma.o
    0x080023f0   0x080023f0   0x0000004c   Code   RO         1397    i.MX_FDCAN1_Init    fdcan.o
    0x0800243c   0x0800243c   0x00000030   Code   RO         1264    i.MX_FREERTOS_Init  app_freertos.o
    0x0800246c   0x0800246c   0x0000004c   Code   RO         1228    i.MX_GPIO_Init      gpio.o
    0x080024b8   0x080024b8   0x00000134   Code   RO         1453    i.MX_LPUART1_UART_Init  usart.o
    0x080025ec   0x080025ec   0x0000003c   Code   RO         1625    i.MX_RTC_Init       rtc.o
    0x08002628   0x08002628   0x0000004c   Code   RO         1666    i.MX_TIM6_Init      tim.o
    0x08002674   0x08002674   0x00000134   Code   RO         1454    i.MX_UART4_Init     usart.o
    0x080027a8   0x080027a8   0x00000198   Code   RO         1455    i.MX_USART1_UART_Init  usart.o
    0x08002940   0x08002940   0x00000214   Code   RO         1456    i.MX_USART3_UART_Init  usart.o
    0x08002b54   0x08002b54   0x00000002   Code   RO         1706    i.MemManage_Handler  stm32g4xx_it.o
    0x08002b56   0x08002b56   0x00000002   Code   RO         1707    i.NMI_Handler       stm32g4xx_it.o
    0x08002b58   0x08002b58   0x00000032   Code   RO         1341    i.NVIC_EncodePriority  dma.o
    0x08002b8a   0x08002b8a   0x00000032   Code   RO         1457    i.NVIC_EncodePriority  usart.o
    0x08002bbc   0x08002bbc   0x00000020   Code   RO         4545    i.RCC_GetHCLKClockFreq  stm32g4xx_ll_rcc.o
    0x08002bdc   0x08002bdc   0x00000020   Code   RO         4546    i.RCC_GetPCLK1ClockFreq  stm32g4xx_ll_rcc.o
    0x08002bfc   0x08002bfc   0x00000020   Code   RO         4547    i.RCC_GetPCLK2ClockFreq  stm32g4xx_ll_rcc.o
    0x08002c1c   0x08002c1c   0x0000002c   Code   RO         4548    i.RCC_GetSystemClockFreq  stm32g4xx_ll_rcc.o
    0x08002c48   0x08002c48   0x0000004c   Code   RO         4551    i.RCC_PLL_GetFreqDomain_SYS  stm32g4xx_ll_rcc.o
    0x08002c94   0x08002c94   0x0000004c   Code   RO         4761    i.RTC_EnterInitMode  stm32g4xx_hal_rtc.o
    0x08002ce0   0x08002ce0   0x00000058   Code   RO         4762    i.RTC_ExitInitMode  stm32g4xx_hal_rtc.o
    0x08002d38   0x08002d38   0x0000002c   Code   RO         8047    i.SysTick_Handler   port.o
    0x08002d64   0x08002d64   0x00000174   Code   RO         1154    i.SystemClock_Config  main.o
    0x08002ed8   0x08002ed8   0x0000001c   Code   RO         6452    i.SystemInit        system_stm32g4xx.o
    0x08002ef4   0x08002ef4   0x0000000c   Code   RO         1708    i.TIM1_UP_TIM16_IRQHandler  stm32g4xx_it.o
    0x08002f00   0x08002f00   0x00000002   Code   RO         1709    i.TIM6_DAC_IRQHandler  stm32g4xx_it.o
    0x08002f02   0x08002f02   0x00000002   PAD
    0x08002f04   0x08002f04   0x000000b0   Code   RO         5262    i.TIM_Base_SetConfig  stm32g4xx_hal_tim.o
    0x08002fb4   0x08002fb4   0x00000002   Code   RO         1710    i.UART4_IRQHandler  stm32g4xx_it.o
    0x08002fb6   0x08002fb6   0x00000004   Code   RO         1711    i.USART1_IRQHandler  stm32g4xx_it.o
    0x08002fba   0x08002fba   0x00000004   Code   RO         1712    i.USART3_IRQHandler  stm32g4xx_it.o
    0x08002fbe   0x08002fbe   0x00000002   Code   RO         1713    i.UsageFault_Handler  stm32g4xx_it.o
    0x08002fc0   0x08002fc0   0x00000020   Code   RO         8431    i.__0printf         mc_w.l(printfa.o)
    0x08002fe0   0x08002fe0   0x00000028   Code   RO         8433    i.__0sprintf        mc_w.l(printfa.o)
    0x08003008   0x08003008   0x0000001a   Code   RO         1342    i.__NVIC_EnableIRQ  dma.o
    0x08003022   0x08003022   0x0000001a   Code   RO         1458    i.__NVIC_EnableIRQ  usart.o
    0x0800303c   0x0800303c   0x00000010   Code   RO         1343    i.__NVIC_GetPriorityGrouping  dma.o
    0x0800304c   0x0800304c   0x00000010   Code   RO         1459    i.__NVIC_GetPriorityGrouping  usart.o
    0x0800305c   0x0800305c   0x00000020   Code   RO         1344    i.__NVIC_SetPriority  dma.o
    0x0800307c   0x0800307c   0x00000020   Code   RO         1460    i.__NVIC_SetPriority  usart.o
    0x0800309c   0x0800309c   0x00000020   Code   RO         4367    i.__NVIC_SetPriority  stm32g4xx_hal_cortex.o
    0x080030bc   0x080030bc   0x00000008   Code   RO         8538    i.__aeabi_errno_addr  mc_w.l(errno.o)
    0x080030c4   0x080030c4   0x00000004   PAD
    0x080030c8   0x080030c8   0x00000038   Code   RO         8123    i.__hardfp_atof     m_wm.l(atof.o)
    0x08003100   0x08003100   0x0000000c   Code   RO         8539    i.__read_errno      mc_w.l(errno.o)
    0x0800310c   0x0800310c   0x0000000e   Code   RO         8575    i.__scatterload_copy  mc_w.l(handlers.o)
    0x0800311a   0x0800311a   0x00000002   Code   RO         8576    i.__scatterload_null  mc_w.l(handlers.o)
    0x0800311c   0x0800311c   0x0000000e   Code   RO         8577    i.__scatterload_zeroinit  mc_w.l(handlers.o)
    0x0800312a   0x0800312a   0x00000002   PAD
    0x0800312c   0x0800312c   0x0000000c   Code   RO         8540    i.__set_errno       mc_w.l(errno.o)
    0x08003138   0x08003138   0x00000184   Code   RO         8438    i._fp_digits        mc_w.l(printfa.o)
    0x080032bc   0x080032bc   0x0000000e   Code   RO         8491    i._is_digit         mc_w.l(scanf_fp.o)
    0x080032ca   0x080032ca   0x00000002   PAD
    0x080032cc   0x080032cc   0x000006dc   Code   RO         8439    i._printf_core      mc_w.l(printfa.o)
    0x080039a8   0x080039a8   0x00000024   Code   RO         8440    i._printf_post_padding  mc_w.l(printfa.o)
    0x080039cc   0x080039cc   0x0000002e   Code   RO         8441    i._printf_pre_padding  mc_w.l(printfa.o)
    0x080039fa   0x080039fa   0x0000000a   Code   RO         8443    i._sputc            mc_w.l(printfa.o)
    0x08003a04   0x08003a04   0x00000040   Code   RO         1923    i.at_act_action1    init_state.o
    0x08003a44   0x08003a44   0x00000040   Code   RO         1924    i.at_act_action2    init_state.o
    0x08003a84   0x08003a84   0x00000030   Code   RO         1925    i.at_action1        init_state.o
    0x08003ab4   0x08003ab4   0x00000018   Code   RO         1926    i.at_action2        init_state.o
    0x08003acc   0x08003acc   0x00000038   Code   RO         1927    i.at_cgreg_action1  init_state.o
    0x08003b04   0x08003b04   0x00000018   Code   RO         1928    i.at_cgreg_action2  init_state.o
    0x08003b1c   0x08003b1c   0x00000038   Code   RO         1929    i.at_creg_action1   init_state.o
    0x08003b54   0x08003b54   0x00000018   Code   RO         1930    i.at_creg_action2   init_state.o
    0x08003b6c   0x08003b6c   0x00000050   Code   RO         1931    i.at_csgp_action1   init_state.o
    0x08003bbc   0x08003bbc   0x00000080   Code   RO         1932    i.at_csgp_action2   init_state.o
    0x08003c3c   0x08003c3c   0x00000054   Code   RO         1933    i.at_httpcfg_context_action1  init_state.o
    0x08003c90   0x08003c90   0x00000018   Code   RO         1934    i.at_httpcfg_context_action2  init_state.o
    0x08003ca8   0x08003ca8   0x00000058   Code   RO         1935    i.at_httpcfg_header_action1  init_state.o
    0x08003d00   0x08003d00   0x00000018   Code   RO         1936    i.at_httpcfg_header_action2  init_state.o
    0x08003d18   0x08003d18   0x00000038   Code   RO         2281    i.at_httpget_download_action1  download_version_state.o
    0x08003d50   0x08003d50   0x00000018   Code   RO         2282    i.at_httpget_download_action2  download_version_state.o
    0x08003d68   0x08003d68   0x00000038   Code   RO         2283    i.at_httpget_file_action1  download_version_state.o
    0x08003da0   0x08003da0   0x00000018   Code   RO         2284    i.at_httpget_file_action2  download_version_state.o
    0x08003db8   0x08003db8   0x0000003c   Code   RO         2214    i.at_httpget_version_action1  version_check.o
    0x08003df4   0x08003df4   0x00000018   Code   RO         2215    i.at_httpget_version_action2  version_check.o
    0x08003e0c   0x08003e0c   0x00000108   Code   RO         2131    i.at_httppost1_action1  upload_state.o
    0x08003f14   0x08003f14   0x0000001c   Code   RO         2132    i.at_httppost1_action2  upload_state.o
    0x08003f30   0x08003f30   0x000000a0   Code   RO         2049    i.at_httppost_action1  get_token_state.o
    0x08003fd0   0x08003fd0   0x0000001c   Code   RO         2050    i.at_httppost_action2  get_token_state.o
    0x08003fec   0x08003fec   0x00000028   Code   RO         2051    i.at_httptoken_action1  get_token_state.o
    0x08004014   0x08004014   0x00000044   Code   RO         2052    i.at_httptoken_action2  get_token_state.o
    0x08004058   0x08004058   0x00000030   Code   RO         2133    i.at_httpupload_action1  upload_state.o
    0x08004088   0x08004088   0x00000088   Code   RO         2134    i.at_httpupload_action2  upload_state.o
    0x08004110   0x08004110   0x00000090   Code   RO         2135    i.at_httpurl1_action1  upload_state.o
    0x080041a0   0x080041a0   0x0000001c   Code   RO         2136    i.at_httpurl1_action2  upload_state.o
    0x080041bc   0x080041bc   0x0000002c   Code   RO         2137    i.at_httpurl1_add_action1  upload_state.o
    0x080041e8   0x080041e8   0x00000018   Code   RO         2138    i.at_httpurl1_add_action2  upload_state.o
    0x08004200   0x08004200   0x0000007c   Code   RO         2053    i.at_httpurl_action1  get_token_state.o
    0x0800427c   0x0800427c   0x0000001c   Code   RO         2054    i.at_httpurl_action2  get_token_state.o
    0x08004298   0x08004298   0x0000002c   Code   RO         2055    i.at_httpurl_add_action1  get_token_state.o
    0x080042c4   0x080042c4   0x00000018   Code   RO         2056    i.at_httpurl_add_action2  get_token_state.o
    0x080042dc   0x080042dc   0x00000030   Code   RO         2285    i.at_httpurl_content_download_action1  download_version_state.o
    0x0800430c   0x0800430c   0x00000018   Code   RO         2286    i.at_httpurl_content_download_action2  download_version_state.o
    0x08004324   0x08004324   0x0000002c   Code   RO         2287    i.at_httpurl_content_file_action1  download_version_state.o
    0x08004350   0x08004350   0x00000018   Code   RO         2288    i.at_httpurl_content_file_action2  download_version_state.o
    0x08004368   0x08004368   0x000000b0   Code   RO         2289    i.at_httpurl_download_action1  download_version_state.o
    0x08004418   0x08004418   0x0000001c   Code   RO         2290    i.at_httpurl_download_action2  download_version_state.o
    0x08004434   0x08004434   0x00000098   Code   RO         2291    i.at_httpurl_file_action1  download_version_state.o
    0x080044cc   0x080044cc   0x0000001c   Code   RO         2292    i.at_httpurl_file_action2  download_version_state.o
    0x080044e8   0x080044e8   0x000000a4   Code   RO         2216    i.at_httpurl_version_action1  version_check.o
    0x0800458c   0x0800458c   0x0000001c   Code   RO         2217    i.at_httpurl_version_action2  version_check.o
    0x080045a8   0x080045a8   0x00000020   Code   RO         2218    i.at_httpurl_version_add_action1  version_check.o
    0x080045c8   0x080045c8   0x00000018   Code   RO         2219    i.at_httpurl_version_add_action2  version_check.o
    0x080045e0   0x080045e0   0x00000038   Code   RO         1937    i.at_pin_action1    init_state.o
    0x08004618   0x08004618   0x0000001c   Code   RO         1938    i.at_pin_action2    init_state.o
    0x08004634   0x08004634   0x00000038   Code   RO         1939    i.at_query_act_action1  init_state.o
    0x0800466c   0x0800466c   0x00000032   Code   RO         1940    i.at_query_act_action2  init_state.o
    0x0800469e   0x0800469e   0x00000002   PAD
    0x080046a0   0x080046a0   0x00000044   Code   RO         2293    i.at_read_download_url_action1  download_version_state.o
    0x080046e4   0x080046e4   0x00000024   Code   RO         2294    i.at_read_download_url_action2  download_version_state.o
    0x08004708   0x08004708   0x0000005c   Code   RO         2295    i.at_read_file_action1  download_version_state.o
    0x08004764   0x08004764   0x00000064   Code   RO         2296    i.at_read_file_action2  download_version_state.o
    0x080047c8   0x080047c8   0x00000044   Code   RO         2220    i.at_read_version_action1  version_check.o
    0x0800480c   0x0800480c   0x00000024   Code   RO         2221    i.at_read_version_action2  version_check.o
    0x08004830   0x08004830   0x00000044   Code   RO         2139    i.at_readresult_action1  upload_state.o
    0x08004874   0x08004874   0x00000038   Code   RO         2140    i.at_readresult_action2  upload_state.o
    0x080048ac   0x080048ac   0x00000048   Code   RO         2057    i.at_readtoken_action1  get_token_state.o
    0x080048f4   0x080048f4   0x00000024   Code   RO         2058    i.at_readtoken_action2  get_token_state.o
    0x08004918   0x08004918   0x000000f8   Code   RO         1266    i.at_task           app_freertos.o
    0x08004a10   0x08004a10   0x000000ec   Code   RO         1461    i.atinfo_callback   usart.o
    0x08004afc   0x08004afc   0x00000018   Code   RO         1462    i.fputc             usart.o
    0x08004b14   0x08004b14   0x00000008   Code   RO          434    i.get_access_token  utils.o
    0x08004b1c   0x08004b1c   0x00000008   Code   RO          144    i.get_current_state_index  at_statemachine.o
    0x08004b24   0x08004b24   0x00000094   Code   RO          436    i.get_file_url_form_buffer  utils.o
    0x08004bb8   0x08004bb8   0x00000008   Code   RO         1877    i.get_gps_info      data_saver.o
    0x08004bc0   0x08004bc0   0x00000024   Code   RO          437    i.get_result_from_buffer  utils.o
    0x08004be4   0x08004be4   0x000000a4   Code   RO          438    i.get_token_from_buffer  utils.o
    0x08004c88   0x08004c88   0x00000094   Code   RO          439    i.get_version_from_buffer  utils.o
    0x08004d1c   0x08004d1c   0x00000008   Code   RO         1878    i.get_version_string  data_saver.o
    0x08004d24   0x08004d24   0x00000178   Code   RO         1267    i.gps_task          app_freertos.o
    0x08004e9c   0x08004e9c   0x000000e4   Code   RO         1463    i.gpsinfo_callback  usart.o
    0x08004f80   0x08004f80   0x0000000c   Code   RO          145    i.init_at_module    at_statemachine.o
    0x08004f8c   0x08004f8c   0x00000020   Code   RO          146    i.init_at_statemachine  at_statemachine.o
    0x08004fac   0x08004fac   0x00000010   Code   RO          440    i.isCorrectCommand  utils.o
    0x08004fbc   0x08004fbc   0x0000000c   Code   RO          147    i.jump_to_init_at_task  at_statemachine.o
    0x08004fc8   0x08004fc8   0x00000030   Code   RO          148    i.jump_to_next_at_statemachine  at_statemachine.o
    0x08004ff8   0x08004ff8   0x00000084   Code   RO          149    i.jump_to_next_at_task  at_statemachine.o
    0x0800507c   0x0800507c   0x0000003c   Code   RO         1155    i.main              main.o
    0x080050b8   0x080050b8   0x00000022   Code   RO           13    i.minmea_isfield    minmea.o
    0x080050da   0x080050da   0x00000002   PAD
    0x080050dc   0x080050dc   0x00000088   Code   RO           14    i.minmea_parse_gga  minmea.o
    0x08005164   0x08005164   0x0000009c   Code   RO           19    i.minmea_parse_rmc  minmea.o
    0x08005200   0x08005200   0x000003a4   Code   RO           22    i.minmea_scan       minmea.o
    0x080055a4   0x080055a4   0x00000034   Code   RO         7581    i.osKernelInitialize  cmsis_os2.o
    0x080055d8   0x080055d8   0x0000003c   Code   RO         7584    i.osKernelStart     cmsis_os2.o
    0x08005614   0x08005614   0x0000008c   Code   RO         7609    i.osThreadFlagsSet  cmsis_os2.o
    0x080056a0   0x080056a0   0x000000b0   Code   RO         7610    i.osThreadFlagsWait  cmsis_os2.o
    0x08005750   0x08005750   0x000000a4   Code   RO         7617    i.osThreadNew       cmsis_os2.o
    0x080057f4   0x080057f4   0x0000005c   Code   RO         7048    i.prvAddCurrentTaskToDelayedList  tasks.o
    0x08005850   0x08005850   0x000000d0   Code   RO         7049    i.prvAddNewTaskToReadyList  tasks.o
    0x08005920   0x08005920   0x00000058   Code   RO         7401    i.prvCheckForValidListAndQueue  timers.o
    0x08005978   0x08005978   0x00000026   Code   RO         6651    i.prvCopyDataFromQueue  queue.o
    0x0800599e   0x0800599e   0x0000006c   Code   RO         6652    i.prvCopyDataToQueue  queue.o
    0x08005a0a   0x08005a0a   0x00000034   Code   RO         7050    i.prvDeleteTCB      tasks.o
    0x08005a3e   0x08005a3e   0x00000002   PAD
    0x08005a40   0x08005a40   0x0000004c   Code   RO         7997    i.prvHeapInit       heap_4.o
    0x08005a8c   0x08005a8c   0x00000060   Code   RO         7051    i.prvIdleTask       tasks.o
    0x08005aec   0x08005aec   0x00000022   Code   RO         6654    i.prvInitialiseNewQueue  queue.o
    0x08005b0e   0x08005b0e   0x00000002   PAD
    0x08005b10   0x08005b10   0x000000b0   Code   RO         7052    i.prvInitialiseNewTask  tasks.o
    0x08005bc0   0x08005bc0   0x0000004c   Code   RO         7998    i.prvInsertBlockIntoFreeList  heap_4.o
    0x08005c0c   0x08005c0c   0x00000038   Code   RO         7403    i.prvInsertTimerInActiveList  timers.o
    0x08005c44   0x08005c44   0x0000001c   Code   RO         6655    i.prvIsQueueEmpty   queue.o
    0x08005c60   0x08005c60   0x000000fc   Code   RO         7404    i.prvProcessReceivedCommands  timers.o
    0x08005d5c   0x08005d5c   0x000000c0   Code   RO         7405    i.prvProcessTimerOrBlockTask  timers.o
    0x08005e1c   0x08005e1c   0x00000020   Code   RO         7054    i.prvResetNextTaskUnblockTime  tasks.o
    0x08005e3c   0x08005e3c   0x00000028   Code   RO         7406    i.prvSampleTimeNow  timers.o
    0x08005e64   0x08005e64   0x0000006c   Code   RO         7407    i.prvSwitchTimerLists  timers.o
    0x08005ed0   0x08005ed0   0x00000014   Code   RO         7055    i.prvTaskCheckFreeStackSpace  tasks.o
    0x08005ee4   0x08005ee4   0x00000028   Code   RO         8048    i.prvTaskExitError  port.o
    0x08005f0c   0x08005f0c   0x00000024   Code   RO         7408    i.prvTimerTask      timers.o
    0x08005f30   0x08005f30   0x0000006a   Code   RO         6656    i.prvUnlockQueue    queue.o
    0x08005f9a   0x08005f9a   0x00000002   PAD
    0x08005f9c   0x08005f9c   0x000000d8   Code   RO         7999    i.pvPortMalloc      heap_4.o
    0x08006074   0x08006074   0x0000002c   Code   RO         8049    i.pxPortInitialiseStack  port.o
    0x080060a0   0x080060a0   0x00000064   Code   RO         1879    i.save_gps_info     data_saver.o
    0x08006104   0x08006104   0x000000d0   Code   RO          441    i.save_update_flag  utils.o
    0x080061d4   0x080061d4   0x00000020   Code   RO         1464    i.send_at_command   usart.o
    0x080061f4   0x080061f4   0x00000028   Code   RO          442    i.set_ip_address    utils.o
    0x0800621c   0x0800621c   0x00000026   Code   RO         6611    i.uxListRemove      list.o
    0x08006242   0x08006242   0x00000002   PAD
    0x08006244   0x08006244   0x0000000c   Code   RO         7059    i.uxTaskGetNumberOfTasks  tasks.o
    0x08006250   0x08006250   0x00000010   Code   RO         7060    i.uxTaskGetStackHighWaterMark  tasks.o
    0x08006260   0x08006260   0x00000014   Code   RO         7629    i.vApplicationGetIdleTaskMemory  cmsis_os2.o
    0x08006274   0x08006274   0x00000018   Code   RO         7630    i.vApplicationGetTimerTaskMemory  cmsis_os2.o
    0x0800628c   0x0800628c   0x00000016   Code   RO         6612    i.vListInitialise   list.o
    0x080062a2   0x080062a2   0x00000006   Code   RO         6613    i.vListInitialiseItem  list.o
    0x080062a8   0x080062a8   0x00000030   Code   RO         6614    i.vListInsert       list.o
    0x080062d8   0x080062d8   0x00000018   Code   RO         6615    i.vListInsertEnd    list.o
    0x080062f0   0x080062f0   0x00000040   Code   RO         8051    i.vPortEnterCritical  port.o
    0x08006330   0x08006330   0x00000028   Code   RO         8052    i.vPortExitCritical  port.o
    0x08006358   0x08006358   0x0000005c   Code   RO         8000    i.vPortFree         heap_4.o
    0x080063b4   0x080063b4   0x00000024   Code   RO         8053    i.vPortSetupTimerInterrupt  port.o
    0x080063d8   0x080063d8   0x00000054   Code   RO         8054    i.vPortValidateInterruptPriority  port.o
    0x0800642c   0x0800642c   0x00000028   Code   RO         6662    i.vQueueAddToRegistry  queue.o
    0x08006454   0x08006454   0x00000044   Code   RO         6666    i.vQueueWaitForMessageRestricted  queue.o
    0x08006498   0x08006498   0x00000010   Code   RO         7071    i.vTaskInternalSetTimeOutState  tasks.o
    0x080064a8   0x080064a8   0x0000000c   Code   RO         7072    i.vTaskMissedYield  tasks.o
    0x080064b4   0x080064b4   0x00000030   Code   RO         7074    i.vTaskPlaceOnEventList  tasks.o
    0x080064e4   0x080064e4   0x00000038   Code   RO         7075    i.vTaskPlaceOnEventListRestricted  tasks.o
    0x0800651c   0x0800651c   0x00000088   Code   RO         7083    i.vTaskStartScheduler  tasks.o
    0x080065a4   0x080065a4   0x00000010   Code   RO         7085    i.vTaskSuspendAll   tasks.o
    0x080065b4   0x080065b4   0x00000064   Code   RO         7086    i.vTaskSwitchContext  tasks.o
    0x08006618   0x08006618   0x000000f4   Code   RO         8055    i.xPortStartScheduler  port.o
    0x0800670c   0x0800670c   0x00000066   Code   RO         6672    i.xQueueGenericCreateStatic  queue.o
    0x08006772   0x08006772   0x00000002   PAD
    0x08006774   0x08006774   0x00000088   Code   RO         6673    i.xQueueGenericReset  queue.o
    0x080067fc   0x080067fc   0x00000160   Code   RO         6674    i.xQueueGenericSend  queue.o
    0x0800695c   0x0800695c   0x000000bc   Code   RO         6675    i.xQueueGenericSendFromISR  queue.o
    0x08006a18   0x08006a18   0x00000138   Code   RO         6684    i.xQueueReceive     queue.o
    0x08006b50   0x08006b50   0x00000074   Code   RO         7087    i.xTaskCheckForTimeOut  tasks.o
    0x08006bc4   0x08006bc4   0x0000005a   Code   RO         7088    i.xTaskCreate       tasks.o
    0x08006c1e   0x08006c1e   0x00000056   Code   RO         7089    i.xTaskCreateStatic  tasks.o
    0x08006c74   0x08006c74   0x000000e0   Code   RO         7090    i.xTaskGenericNotify  tasks.o
    0x08006d54   0x08006d54   0x00000104   Code   RO         7091    i.xTaskGenericNotifyFromISR  tasks.o
    0x08006e58   0x08006e58   0x0000001c   Code   RO         7093    i.xTaskGetSchedulerState  tasks.o
    0x08006e74   0x08006e74   0x0000000c   Code   RO         7094    i.xTaskGetTickCount  tasks.o
    0x08006e80   0x08006e80   0x00000010   Code   RO         7095    i.xTaskGetTickCountFromISR  tasks.o
    0x08006e90   0x08006e90   0x000000c8   Code   RO         7096    i.xTaskIncrementTick  tasks.o
    0x08006f58   0x08006f58   0x0000008c   Code   RO         7098    i.xTaskNotifyWait   tasks.o
    0x08006fe4   0x08006fe4   0x00000080   Code   RO         7099    i.xTaskPriorityDisinherit  tasks.o
    0x08007064   0x08007064   0x00000070   Code   RO         7101    i.xTaskRemoveFromEventList  tasks.o
    0x080070d4   0x080070d4   0x000000c4   Code   RO         7102    i.xTaskResumeAll    tasks.o
    0x08007198   0x08007198   0x00000060   Code   RO         7416    i.xTimerCreateTimerTask  timers.o
    0x080071f8   0x080071f8   0x00000068   Code   RO         7417    i.xTimerGenericCommand  timers.o
    0x08007260   0x08007260   0x00000300   Data   RO          152    .constdata          at_statemachine.o
    0x08007560   0x08007560   0x00000048   Data   RO         1271    .constdata          app_freertos.o
    0x080075a8   0x080075a8   0x00000006   Data   RO         1467    .constdata          usart.o
    0x080075ae   0x080075ae   0x00000018   Data   RO         4487    .constdata          stm32g4xx_ll_lpuart.o
    0x080075c6   0x080075c6   0x00000002   PAD
    0x080075c8   0x080075c8   0x00000030   Data   RO         4691    .constdata          stm32g4xx_ll_usart.o
    0x080075f8   0x080075f8   0x00000010   Data   RO         6453    .constdata          system_stm32g4xx.o
    0x08007608   0x08007608   0x00000008   Data   RO         6454    .constdata          system_stm32g4xx.o
    0x08007610   0x08007610   0x00000081   Data   RO         8147    .constdata          mc_w.l(ctype_o.o)
    0x08007691   0x08007691   0x00000003   PAD
    0x08007694   0x08007694   0x00000004   Data   RO         8148    .constdata          mc_w.l(ctype_o.o)
    0x08007698   0x08007698   0x00000015   Data   RO          153    .conststring        at_statemachine.o
    0x080076ad   0x080076ad   0x00000003   PAD
    0x080076b0   0x080076b0   0x0000000e   Data   RO          154    .conststring        at_statemachine.o
    0x080076be   0x080076be   0x00000002   PAD
    0x080076c0   0x080076c0   0x00000008   Data   RO          155    .conststring        at_statemachine.o
    0x080076c8   0x080076c8   0x00000014   Data   RO         1273    .conststring        app_freertos.o
    0x080076dc   0x080076dc   0x00000118   Data   RO         2060    .conststring        get_token_state.o
    0x080077f4   0x080077f4   0x00000091   Data   RO         2142    .conststring        upload_state.o
    0x08007885   0x08007885   0x00000003   PAD
    0x08007888   0x08007888   0x00000020   Data   RO         8573    Region$$Table       anon$$obj.o


    Execution Region RW_IRAM1 (Exec base: 0x20000000, Load base: 0x080078a8, Size: 0x00003478, Max: 0x00008000, ABSOLUTE)

    Exec Addr    Load Addr    Size         Type   Attr      Idx    E Section Name        Object

    0x20000000   0x080078a8   0x00000004   Data   RW          156    .data               at_statemachine.o
    0x20000004   0x080078ac   0x00000004   Data   RW          157    .data               at_statemachine.o
    0x20000008   0x080078b0   0x00000004   Data   RW          158    .data               at_statemachine.o
    0x2000000c   0x080078b4   0x0000000c   Data   RW          159    .data               at_statemachine.o
    0x20000018   0x080078c0   0x00000008   Data   RW         1276    .data               app_freertos.o
    0x20000020   0x080078c8   0x00000008   Data   RW         1882    .data               data_saver.o
    0x20000028   0x080078d0   0x00000010   Data   RW         2061    .data               get_token_state.o
    0x20000038   0x080078e0   0x00000004   Data   RW         2143    .data               upload_state.o
    0x2000003c   0x080078e4   0x0000000c   Data   RW         3110    .data               stm32g4xx_hal.o
    0x20000048   0x080078f0   0x00000020   Data   RW         3563    .data               stm32g4xx_hal_flash.o
    0x20000068   0x08007910   0x00000004   Data   RW         6455    .data               system_stm32g4xx.o
    0x2000006c   0x08007914   0x0000003c   Data   RW         7105    .data               tasks.o
    0x200000a8   0x08007950   0x00000014   Data   RW         7425    .data               timers.o
    0x200000bc   0x08007964   0x00000004   Data   RW         7632    .data               cmsis_os2.o
    0x200000c0   0x08007968   0x00000018   Data   RW         8005    .data               heap_4.o
    0x200000d8   0x08007980   0x0000000c   Data   RW         8056    .data               port.o
    0x200000e4   0x0800798c   0x00000004   Data   RW         8527    .data               mc_w.l(stdout.o)
    0x200000e8   0x08007990   0x00000004   Data   RW         8541    .data               mc_w.l(errno.o)
    0x200000ec        -       0x00000010   Zero   RW          150    .bss                at_statemachine.o
    0x200000fc        -       0x00000190   Zero   RW          443    .bss                utils.o
    0x2000028c        -       0x000003c8   Zero   RW         1269    .bss                app_freertos.o
    0x20000654        -       0x00000064   Zero   RW         1398    .bss                fdcan.o
    0x200006b8        -       0x00000700   Zero   RW         1465    .bss                usart.o
    0x20000db8        -       0x00000028   Zero   RW         1626    .bss                rtc.o
    0x20000de0        -       0x0000004c   Zero   RW         1667    .bss                tim.o
    0x20000e2c        -       0x0000004c   Zero   RW         1843    .bss                stm32g4xx_hal_timebase_tim.o
    0x20000e78        -       0x0000008a   Zero   RW         1881    .bss                data_saver.o
    0x20000f02        -       0x000001dc   Zero   RW         2059    .bss                get_token_state.o
    0x200010de        -       0x000002c0   Zero   RW         2141    .bss                upload_state.o
    0x2000139e   0x08007994   0x00000002   PAD
    0x200013a0        -       0x00000040   Zero   RW         6688    .bss                queue.o
    0x200013e0        -       0x000004c4   Zero   RW         7104    .bss                tasks.o
    0x200018a4        -       0x00000118   Zero   RW         7424    .bss                timers.o
    0x200019bc        -       0x000006b8   Zero   RW         7631    .bss                cmsis_os2.o
    0x20002074        -       0x00001000   Zero   RW         8004    .bss                heap_4.o
    0x20003074   0x08007994   0x00000004   PAD
    0x20003078        -       0x00000400   Zero   RW            1    STACK               startup_stm32g431xx.o


==============================================================================

Image component sizes


      Code (inc. data)   RO Data    RW Data    ZI Data      Debug   Object Name

       672        264         92          8        968       6357   app_freertos.o
       244         52        811         24         16     658743   at_statemachine.o
         0          0          0          0          0        392   cjson.o
       636         38          0          4       1720      31923   cmsis_os2.o
       116         36          0          8        138       2235   data_saver.o
       270         12          0          0          0      38409   dma.o
       980        568          0          0          0       9852   download_version_state.o
         0          0          0          0          0      16816   event_groups.o
       172         18          0          0        100       1651   fdcan.o
       624        302        280         16        476       6712   get_token_state.o
        76          6          0          0          0        839   gpio.o
       460         24          0         24       4096       4675   heap_4.o
       978        566          0          0          0      10232   init_state.o
       138          0          0          0          0       3450   list.o
       524         68          0          0          0      41940   main.o
      1258         48          0          0          0      13664   minmea.o
       786         82          0         12          0      11397   port.o
      1512         20          0          0         64      17128   queue.o
        92         18          0          0         40       1411   rtc.o
        36          8        472          0       1024        820   startup_stm32g431xx.o
        94         14          0         12          0       3542   stm32g4xx_hal.o
       158         14          0          0          0      32970   stm32g4xx_hal_cortex.o
       516         18          0          0          0       3765   stm32g4xx_hal_fdcan.o
       360         48          0         32          0      22934   stm32g4xx_hal_flash.o
       372         28          0          0          0       4126   stm32g4xx_hal_flash_ex.o
       456         34          0          0          0       1752   stm32g4xx_hal_gpio.o
        48          6          0          0          0        830   stm32g4xx_hal_msp.o
        16          4          0          0          0        551   stm32g4xx_hal_pwr_ex.o
       100         22          0          0          0       2198   stm32g4xx_hal_rcc.o
       364         22          0          0          0       3483   stm32g4xx_hal_rtc.o
       910         56          0          0          0       6837   stm32g4xx_hal_tim.o
       170         24          0          0          0       5248   stm32g4xx_hal_tim_ex.o
       136         20          0          0         76       1375   stm32g4xx_hal_timebase_tim.o
        76         32          0          0          0       7290   stm32g4xx_it.o
       310          0          0          0          0       7279   stm32g4xx_ll_gpio.o
       160         10         24          0          0      19197   stm32g4xx_ll_lpuart.o
       604         88          0          0          0      29347   stm32g4xx_ll_rcc.o
       232         26         48          0          0      26572   stm32g4xx_ll_usart.o
        12          6          0          0          0       6072   stm32g4xx_ll_utils.o
        28          6         24          4          0       1111   system_stm32g4xx.o
      2696        224          0         60       1220      31944   tasks.o
       136         20          0          0         76       1546   tim.o
       972         80          0         20        280      31723   timers.o
       840        444        145          4        704       6668   upload_state.o
      2540        294          6          0       1792      75143   usart.o
       768        360          0          0        400       7851   utils.o
       436        230          0          0          0       4750   version_check.o

    ----------------------------------------------------------------------
     23112       4260       1944        228      13196    1224750   Object Totals
         0          0         32          0          0          0   (incl. Generated)
        28          0         10          0          6          0   (incl. Padding)

    ----------------------------------------------------------------------

      Code (inc. data)   RO Data    RW Data    ZI Data      Debug   Library Member Name

        56         12          0          0          0        132   atof.o
        28          0          0          0          0         68   _chval.o
        64          0          0          0          0         84   _sgetc.o
       158          0          0          0          0         92   _strtoul.o
         8          4        133          0          0         68   ctype_o.o
         0          0          0          0          0          0   entry.o
         0          0          0          0          0          0   entry10a.o
         0          0          0          0          0          0   entry11a.o
         8          4          0          0          0          0   entry2.o
         4          0          0          0          0          0   entry5.o
         0          0          0          0          0          0   entry7b.o
         0          0          0          0          0          0   entry8b.o
         8          4          0          0          0          0   entry9a.o
        32         16          0          4          0        204   errno.o
        30          0          0          0          0          0   handlers.o
        36          8          0          0          0         68   init.o
        18          0          0          0          0         76   isspace_o.o
         0          0          0          0          0          0   iusefp.o
        30          0          0          0          0         68   llshl.o
        36          0          0          0          0         68   llsshr.o
        32          0          0          0          0         68   llushr.o
        36          0          0          0          0         68   memcpya.o
        36          0          0          0          0        108   memseta.o
      2308         96          0          0          0        604   printfa.o
       878         12          0          0          0        216   scanf_fp.o
         0          0          0          4          0          0   stdout.o
        20          0          0          0          0         68   strchr.o
        28          0          0          0          0         76   strcmp.o
        18          0          0          0          0         68   strcpy.o
        14          0          0          0          0         68   strlen.o
        24          0          0          0          0         76   strncpy.o
        36          0          0          0          0         80   strstr.o
       156         12          0          0          0        120   strtod.o
       112          0          0          0          0         88   strtol.o
        44          0          0          0          0         80   uidiv.o
        98          0          0          0          0         92   uldiv.o
        48          0          0          0          0         68   cdrcmple.o
        56          0          0          0          0         88   d2f.o
       334          0          0          0          0        148   dadd.o
       222          0          0          0          0        100   ddiv.o
       186          0          0          0          0        176   depilogue.o
        48          0          0          0          0         68   dfixul.o
        34          0          0          0          0         76   dflti.o
        24          0          0          0          0         76   dfltul.o
       228          0          0          0          0         96   dmul.o
        38          0          0          0          0         68   f2d.o
       110          0          0          0          0        168   fepilogue.o

    ----------------------------------------------------------------------
      5696        172        136          8          0       3940   Library Totals
        12          4          3          0          0          0   (incl. Padding)

    ----------------------------------------------------------------------

      Code (inc. data)   RO Data    RW Data    ZI Data      Debug   Library Name

        56         12          0          0          0        132   m_wm.l
      4300        156        133          8          0       2676   mc_w.l
      1328          0          0          0          0       1132   mf_w.l

    ----------------------------------------------------------------------
      5696        172        136          8          0       3940   Library Totals

    ----------------------------------------------------------------------

==============================================================================


      Code (inc. data)   RO Data    RW Data    ZI Data      Debug   

     28808       4432       2080        236      13196    1199114   Grand Totals
     28808       4432       2080        236      13196    1199114   ELF Image Totals
     28808       4432       2080        236          0          0   ROM Totals

==============================================================================

    Total RO  Size (Code + RO Data)                30888 (  30.16kB)
    Total RW  Size (RW Data + ZI Data)             13432 (  13.12kB)
    Total ROM Size (Code + RO Data + RW Data)      31124 (  30.39kB)

==============================================================================

